Archive member included to satisfy reference by file (symbol)

c:/users/mg/appdata/roaming/xpacks/@xpack-dev-tools/arm-none-eabi-gcc/11.2.1-1.2.2/.content/bin/../lib/gcc/arm-none-eabi/11.2.1/thumb/v7e-m+fp/softfp\libgcc.a(_aeabi_uldivmod.o)
                              ./system/src/stm32f4-hal/stm32f4xx_hal_rcc.o (__aeabi_uldivmod)
c:/users/mg/appdata/roaming/xpacks/@xpack-dev-tools/arm-none-eabi-gcc/11.2.1-1.2.2/.content/bin/../lib/gcc/arm-none-eabi/11.2.1/thumb/v7e-m+fp/softfp\libgcc.a(_udivmoddi4.o)
                              c:/users/mg/appdata/roaming/xpacks/@xpack-dev-tools/arm-none-eabi-gcc/11.2.1-1.2.2/.content/bin/../lib/gcc/arm-none-eabi/11.2.1/thumb/v7e-m+fp/softfp\libgcc.a(_aeabi_uldivmod.o) (__udivmoddi4)
c:/users/mg/appdata/roaming/xpacks/@xpack-dev-tools/arm-none-eabi-gcc/11.2.1-1.2.2/.content/bin/../lib/gcc/arm-none-eabi/11.2.1/thumb/v7e-m+fp/softfp\libgcc.a(_dvmd_tls.o)
                              c:/users/mg/appdata/roaming/xpacks/@xpack-dev-tools/arm-none-eabi-gcc/11.2.1-1.2.2/.content/bin/../lib/gcc/arm-none-eabi/11.2.1/thumb/v7e-m+fp/softfp\libgcc.a(_aeabi_uldivmod.o) (__aeabi_ldiv0)
c:/users/mg/appdata/roaming/xpacks/@xpack-dev-tools/arm-none-eabi-gcc/11.2.1-1.2.2/.content/bin/../lib/gcc/arm-none-eabi/11.2.1/../../../../arm-none-eabi/lib/thumb/v7e-m+fp/softfp\libg_nano.a(lib_a-ctype_.o)
                              ./system/src/newlib/syscalls.o (_ctype_)
c:/users/mg/appdata/roaming/xpacks/@xpack-dev-tools/arm-none-eabi-gcc/11.2.1-1.2.2/.content/bin/../lib/gcc/arm-none-eabi/11.2.1/../../../../arm-none-eabi/lib/thumb/v7e-m+fp/softfp\libg_nano.a(lib_a-errno.o)
                              ./system/src/newlib/sbrk.o (__errno)
c:/users/mg/appdata/roaming/xpacks/@xpack-dev-tools/arm-none-eabi-gcc/11.2.1-1.2.2/.content/bin/../lib/gcc/arm-none-eabi/11.2.1/../../../../arm-none-eabi/lib/thumb/v7e-m+fp/softfp\libg_nano.a(lib_a-exit.o)
                              ./src/main.o (exit)
c:/users/mg/appdata/roaming/xpacks/@xpack-dev-tools/arm-none-eabi-gcc/11.2.1-1.2.2/.content/bin/../lib/gcc/arm-none-eabi/11.2.1/../../../../arm-none-eabi/lib/thumb/v7e-m+fp/softfp\libg_nano.a(lib_a-fclose.o)
                              ./src/main.o (fclose)
c:/users/mg/appdata/roaming/xpacks/@xpack-dev-tools/arm-none-eabi-gcc/11.2.1-1.2.2/.content/bin/../lib/gcc/arm-none-eabi/11.2.1/../../../../arm-none-eabi/lib/thumb/v7e-m+fp/softfp\libg_nano.a(lib_a-fflush.o)
                              c:/users/mg/appdata/roaming/xpacks/@xpack-dev-tools/arm-none-eabi-gcc/11.2.1-1.2.2/.content/bin/../lib/gcc/arm-none-eabi/11.2.1/../../../../arm-none-eabi/lib/thumb/v7e-m+fp/softfp\libg_nano.a(lib_a-fclose.o) (__sflush_r)
c:/users/mg/appdata/roaming/xpacks/@xpack-dev-tools/arm-none-eabi-gcc/11.2.1-1.2.2/.content/bin/../lib/gcc/arm-none-eabi/11.2.1/../../../../arm-none-eabi/lib/thumb/v7e-m+fp/softfp\libg_nano.a(lib_a-findfp.o)
                              ./system/src/newlib/syscalls.o (__sinit)
c:/users/mg/appdata/roaming/xpacks/@xpack-dev-tools/arm-none-eabi-gcc/11.2.1-1.2.2/.content/bin/../lib/gcc/arm-none-eabi/11.2.1/../../../../arm-none-eabi/lib/thumb/v7e-m+fp/softfp\libg_nano.a(lib_a-fopen.o)
                              ./src/main.o (fopen)
c:/users/mg/appdata/roaming/xpacks/@xpack-dev-tools/arm-none-eabi-gcc/11.2.1-1.2.2/.content/bin/../lib/gcc/arm-none-eabi/11.2.1/../../../../arm-none-eabi/lib/thumb/v7e-m+fp/softfp\libg_nano.a(lib_a-fprintf.o)
                              ./src/main.o (fprintf)
c:/users/mg/appdata/roaming/xpacks/@xpack-dev-tools/arm-none-eabi-gcc/11.2.1-1.2.2/.content/bin/../lib/gcc/arm-none-eabi/11.2.1/../../../../arm-none-eabi/lib/thumb/v7e-m+fp/softfp\libg_nano.a(lib_a-fseek.o)
                              c:/users/mg/appdata/roaming/xpacks/@xpack-dev-tools/arm-none-eabi-gcc/11.2.1-1.2.2/.content/bin/../lib/gcc/arm-none-eabi/11.2.1/../../../../arm-none-eabi/lib/thumb/v7e-m+fp/softfp\libg_nano.a(lib_a-fopen.o) (_fseek_r)
c:/users/mg/appdata/roaming/xpacks/@xpack-dev-tools/arm-none-eabi-gcc/11.2.1-1.2.2/.content/bin/../lib/gcc/arm-none-eabi/11.2.1/../../../../arm-none-eabi/lib/thumb/v7e-m+fp/softfp\libg_nano.a(lib_a-fseeko.o)
                              c:/users/mg/appdata/roaming/xpacks/@xpack-dev-tools/arm-none-eabi-gcc/11.2.1-1.2.2/.content/bin/../lib/gcc/arm-none-eabi/11.2.1/../../../../arm-none-eabi/lib/thumb/v7e-m+fp/softfp\libg_nano.a(lib_a-fseek.o) (_fseeko_r)
c:/users/mg/appdata/roaming/xpacks/@xpack-dev-tools/arm-none-eabi-gcc/11.2.1-1.2.2/.content/bin/../lib/gcc/arm-none-eabi/11.2.1/../../../../arm-none-eabi/lib/thumb/v7e-m+fp/softfp\libg_nano.a(lib_a-fwalk.o)
                              c:/users/mg/appdata/roaming/xpacks/@xpack-dev-tools/arm-none-eabi-gcc/11.2.1-1.2.2/.content/bin/../lib/gcc/arm-none-eabi/11.2.1/../../../../arm-none-eabi/lib/thumb/v7e-m+fp/softfp\libg_nano.a(lib_a-findfp.o) (_fwalk)
[...]
Memory Configuration

Name             Origin             Length             Attributes
RAM              0x0000000020000000 0x0000000000020000 xrw
CCMRAM           0x0000000010000000 0x0000000000010000 xrw
FLASH            0x0000000008000000 0x0000000000100000 xr
FLASHB1          0x0000000000000000 0x0000000000000000 xr
EXTMEMB0         0x0000000000000000 0x0000000000000000 xr
EXTMEMB1         0x0000000000000000 0x0000000000000000 xr
EXTMEMB2         0x0000000000000000 0x0000000000000000 xr
EXTMEMB3         0x0000000000000000 0x0000000000000000 xr
MEMORY_ARRAY     0x0000000020002000 0x0000000000000020 xrw
*default*        0x0000000000000000 0xffffffffffffffff

Linker script and memory map

LOAD ./system/src/stm32f4-hal/stm32f4xx_hal.o
LOAD ./system/src/stm32f4-hal/stm32f4xx_hal_cortex.o
LOAD ./system/src/stm32f4-hal/stm32f4xx_hal_flash.o
LOAD ./system/src/stm32f4-hal/stm32f4xx_hal_flash_ex.o
LOAD ./system/src/stm32f4-hal/stm32f4xx_hal_flash_ramfunc.o
LOAD ./system/src/stm32f4-hal/stm32f4xx_hal_gpio.o
LOAD ./system/src/stm32f4-hal/stm32f4xx_hal_iwdg.o
LOAD ./system/src/stm32f4-hal/stm32f4xx_hal_pwr.o
LOAD ./system/src/stm32f4-hal/stm32f4xx_hal_rcc.o
LOAD ./system/src/newlib/assert.o
LOAD ./system/src/newlib/cxx.o
LOAD ./system/src/newlib/exit.o
LOAD ./system/src/newlib/sbrk.o
LOAD ./system/src/newlib/startup.o
LOAD ./system/src/newlib/syscalls.o
LOAD ./system/src/diag/trace-impl.o
LOAD ./system/src/diag/trace.o
LOAD ./system/src/cortexm/exception-handlers.o
LOAD ./system/src/cortexm/initialize-hardware.o
LOAD ./system/src/cortexm/reset-hardware.o
LOAD ./system/src/cmsis/system_stm32f4xx.o
LOAD ./system/src/cmsis/vectors_stm32f407xx.o
LOAD ./src/initialize-hardware.o
LOAD ./src/led.o
LOAD ./src/main.o
LOAD ./src/stm32f4xx_hal_msp.o
LOAD ./src/write.o
LOAD ./FreeRTOS Source/portable/MemMang/heap_4.o
LOAD ./FreeRTOS Source/portable/GCC/ARM_CM4F/port.o
LOAD ./FreeRTOS Source/croutine.o
LOAD ./FreeRTOS Source/event_groups.o
LOAD ./FreeRTOS Source/list.o
LOAD ./FreeRTOS Source/queue.o
LOAD ./FreeRTOS Source/tasks.o
LOAD ./FreeRTOS Source/timers.o
LOAD c:/users/mg/appdata/roaming/xpacks/@xpack-dev-tools/arm-none-eabi-gcc/11.2.1-1.2.2/.content/bin/../lib/gcc/arm-none-eabi/11.2.1/../../../../arm-none-eabi/lib/thumb/v7e-m+fp/softfp\libstdc++_nano.a
LOAD c:/users/mg/appdata/roaming/xpacks/@xpack-dev-tools/arm-none-eabi-gcc/11.2.1-1.2.2/.content/bin/../lib/gcc/arm-none-eabi/11.2.1/../../../../arm-none-eabi/lib/thumb/v7e-m+fp/softfp\libm.a
START GROUP
LOAD c:/users/mg/appdata/roaming/xpacks/@xpack-dev-tools/arm-none-eabi-gcc/11.2.1-1.2.2/.content/bin/../lib/gcc/arm-none-eabi/11.2.1/thumb/v7e-m+fp/softfp\libgcc.a
LOAD c:/users/mg/appdata/roaming/xpacks/@xpack-dev-tools/arm-none-eabi-gcc/11.2.1-1.2.2/.content/bin/../lib/gcc/arm-none-eabi/11.2.1/../../../../arm-none-eabi/lib/thumb/v7e-m+fp/softfp\libg_nano.a
LOAD c:/users/mg/appdata/roaming/xpacks/@xpack-dev-tools/arm-none-eabi-gcc/11.2.1-1.2.2/.content/bin/../lib/gcc/arm-none-eabi/11.2.1/../../../../arm-none-eabi/lib/thumb/v7e-m+fp/softfp\libc_nano.a
END GROUP
START GROUP
LOAD c:/users/mg/appdata/roaming/xpacks/@xpack-dev-tools/arm-none-eabi-gcc/11.2.1-1.2.2/.content/bin/../lib/gcc/arm-none-eabi/11.2.1/thumb/v7e-m+fp/softfp\libgcc.a
LOAD c:/users/mg/appdata/roaming/xpacks/@xpack-dev-tools/arm-none-eabi-gcc/11.2.1-1.2.2/.content/bin/../lib/gcc/arm-none-eabi/11.2.1/../../../../arm-none-eabi/lib/thumb/v7e-m+fp/softfp\libc_nano.a
END GROUP
                0x0000000020020000                __stack = (ORIGIN (RAM) + LENGTH (RAM))
                0x0000000020020000                _estack = __stack
                0x0000000000000400                __Main_Stack_Size = 0x400
                [!provide]                        PROVIDE (_Main_Stack_Size = __Main_Stack_Size)
                0x000000002001fc00                __Main_Stack_Limit = (__stack - __Main_Stack_Size)
                [!provide]                        PROVIDE (_Main_Stack_Limit = __Main_Stack_Limit)
                0x0000000000000100                _Minimum_Stack_Size = 0x100
                0x0000000020013050                PROVIDE (_Heap_Begin = _end_noinit)
                0x000000002001fc00                PROVIDE (_Heap_Limit = (__stack - __Main_Stack_Size))

.isr_vector     0x0000000008000000      0x3e8
 FILL mask 0xff
                0x0000000008000000                __vectors_start = ABSOLUTE (.)
                0x0000000008000000                __vectors_start__ = ABSOLUTE (.)
 *(.isr_vector)
 .isr_vector    0x0000000008000000      0x188 ./system/src/cmsis/vectors_stm32f407xx.o
                0x0000000008000000                __isr_vectors
 *(.cfmconfig)
 *(.after_vectors .after_vectors.*)
 .after_vectors
                0x0000000008000188      0x130 ./system/src/newlib/startup.o
                0x0000000008000188                _start
 .after_vectors
                0x00000000080002b8      0x12c ./system/src/cortexm/exception-handlers.o
                0x00000000080002b8                Reset_Handler
                0x00000000080002be                NMI_Handler
                0x00000000080002c2                HardFault_Handler
                0x00000000080002d6                HardFault_Handler_C
                0x0000000008000334                MemManage_Handler
                0x0000000008000338                BusFault_Handler
                0x000000000800034c                BusFault_Handler_C
                0x0000000008000380                UsageFault_Handler
                0x0000000008000394                UsageFault_Handler_C
                0x00000000080003cc                DebugMon_Handler
 .after_vectors
                0x00000000080003e4        0x4 ./system/src/cmsis/vectors_stm32f407xx.o
                0x00000000080003e4                RTC_Alarm_IRQHandler
                0x00000000080003e4                HASH_RNG_IRQHandler
                0x00000000080003e4                EXTI2_IRQHandler
                0x00000000080003e4                TIM8_CC_IRQHandler
                0x00000000080003e4                TIM1_CC_IRQHandler
                0x00000000080003e4                DMA2_Stream5_IRQHandler
                0x00000000080003e4                DMA1_Stream5_IRQHandler
                0x00000000080003e4                PVD_IRQHandler
                0x00000000080003e4                SDIO_IRQHandler
                0x00000000080003e4                TAMP_STAMP_IRQHandler
                0x00000000080003e4                CAN2_RX1_IRQHandler
                0x00000000080003e4                EXTI3_IRQHandler
                0x00000000080003e4                TIM8_TRG_COM_TIM14_IRQHandler
                0x00000000080003e4                TIM1_UP_TIM10_IRQHandler
                0x00000000080003e4                TIM8_UP_TIM13_IRQHandler
                0x00000000080003e4                I2C3_ER_IRQHandler
                0x00000000080003e4                EXTI0_IRQHandler
                0x00000000080003e4                I2C2_EV_IRQHandler
                0x00000000080003e4                DMA1_Stream2_IRQHandler
                0x00000000080003e4                CAN1_RX0_IRQHandler
                0x00000000080003e4                FPU_IRQHandler
                0x00000000080003e4                OTG_HS_WKUP_IRQHandler
                0x00000000080003e4                CAN2_SCE_IRQHandler
                0x00000000080003e4                DMA2_Stream2_IRQHandler
                0x00000000080003e4                SPI1_IRQHandler
                0x00000000080003e4                TIM6_DAC_IRQHandler
                0x00000000080003e4                TIM1_BRK_TIM9_IRQHandler
                0x00000000080003e4                DCMI_IRQHandler
                0x00000000080003e4                CAN2_RX0_IRQHandler
                0x00000000080003e4                DMA2_Stream3_IRQHandler
                0x00000000080003e4                USART6_IRQHandler
                0x00000000080003e4                USART3_IRQHandler
                0x00000000080003e4                CAN1_RX1_IRQHandler
                0x00000000080003e4                UART5_IRQHandler
                0x00000000080003e4                DMA2_Stream0_IRQHandler
                0x00000000080003e4                TIM4_IRQHandler
                0x00000000080003e4                I2C1_EV_IRQHandler
                0x00000000080003e4                DMA1_Stream6_IRQHandler
                0x00000000080003e4                DMA1_Stream1_IRQHandler
                0x00000000080003e4                UART4_IRQHandler
                0x00000000080003e4                TIM3_IRQHandler
                0x00000000080003e4                RCC_IRQHandler
                0x00000000080003e4                TIM8_BRK_TIM12_IRQHandler
                0x00000000080003e4                Default_Handler
                0x00000000080003e4                EXTI15_10_IRQHandler
                0x00000000080003e4                ADC_IRQHandler
                0x00000000080003e4                DMA1_Stream7_IRQHandler
                0x00000000080003e4                TIM7_IRQHandler
                0x00000000080003e4                CAN2_TX_IRQHandler
                0x00000000080003e4                TIM5_IRQHandler
                0x00000000080003e4                DMA2_Stream7_IRQHandler
                0x00000000080003e4                I2C3_EV_IRQHandler
                0x00000000080003e4                EXTI9_5_IRQHandler
                0x00000000080003e4                RTC_WKUP_IRQHandler
                0x00000000080003e4                ETH_WKUP_IRQHandler
                0x00000000080003e4                SPI2_IRQHandler
                0x00000000080003e4                OTG_HS_EP1_IN_IRQHandler
                0x00000000080003e4                DMA1_Stream0_IRQHandler
                0x00000000080003e4                CAN1_TX_IRQHandler
                0x00000000080003e4                EXTI4_IRQHandler
                0x00000000080003e4                ETH_IRQHandler
                0x00000000080003e4                OTG_HS_EP1_OUT_IRQHandler
                0x00000000080003e4                WWDG_IRQHandler
                0x00000000080003e4                TIM2_IRQHandler
                0x00000000080003e4                OTG_FS_WKUP_IRQHandler
                0x00000000080003e4                TIM1_TRG_COM_TIM11_IRQHandler
                0x00000000080003e4                OTG_HS_IRQHandler
                0x00000000080003e4                EXTI1_IRQHandler
                0x00000000080003e4                USART2_IRQHandler
                0x00000000080003e4                I2C2_ER_IRQHandler
                0x00000000080003e4                DMA2_Stream1_IRQHandler
                0x00000000080003e4                CAN1_SCE_IRQHandler
                0x00000000080003e4                FLASH_IRQHandler
                0x00000000080003e4                DMA2_Stream4_IRQHandler
                0x00000000080003e4                USART1_IRQHandler
                0x00000000080003e4                OTG_FS_IRQHandler
                0x00000000080003e4                SPI3_IRQHandler
                0x00000000080003e4                DMA1_Stream4_IRQHandler
                0x00000000080003e4                I2C1_ER_IRQHandler
                0x00000000080003e4                FMC_IRQHandler
                0x00000000080003e4                DMA2_Stream6_IRQHandler
                0x00000000080003e4                DMA1_Stream3_IRQHandler

.inits          0x00000000080003e8       0x28
                0x00000000080003e8                __data_regions_array_start = .
                0x00000000080003e8        0x4 LONG 0x8005f70 LOADADDR (.data)
                0x00000000080003ec        0x4 LONG 0x20000000 ADDR (.data)
                0x00000000080003f0        0x4 LONG 0x2000008c (ADDR (.data) + SIZEOF (.data))
                0x00000000080003f4        0x4 LONG 0x8005f70 LOADADDR (.data_CCMRAM)
                0x00000000080003f8        0x4 LONG 0x10000000 ADDR (.data_CCMRAM)
                0x00000000080003fc        0x4 LONG 0x10000000 (ADDR (.data_CCMRAM) + SIZEOF (.data_CCMRAM))
                0x0000000008000400                __data_regions_array_end = .
                0x0000000008000400                __bss_regions_array_start = .
                0x0000000008000400        0x4 LONG 0x2000008c ADDR (.bss)
                0x0000000008000404        0x4 LONG 0x20013050 (ADDR (.bss) + SIZEOF (.bss))
                0x0000000008000408        0x4 LONG 0x10000000 ADDR (.bss_CCMRAM)
                0x000000000800040c        0x4 LONG 0x10000000 (ADDR (.bss_CCMRAM) + SIZEOF (.bss_CCMRAM))
                0x0000000008000410                __bss_regions_array_end = .
 *(.init)
 *(.fini)
                0x0000000008000410                . = ALIGN (0x4)
                0x0000000008000410                PROVIDE (__preinit_array_start = .)
 *(.preinit_array_sysinit .preinit_array_sysinit.*)
 *(.preinit_array_platform .preinit_array_platform.*)
 *(.preinit_array .preinit_array.*)
                0x0000000008000410                PROVIDE (__preinit_array_end = .)
                0x0000000008000410                . = ALIGN (0x4)
                0x0000000008000410                PROVIDE (__init_array_start = .)
 *(SORT_BY_NAME(.init_array.*))
 *(.init_array)
                0x0000000008000410                PROVIDE (__init_array_end = .)
                0x0000000008000410                . = ALIGN (0x4)
                0x0000000008000410                PROVIDE (__fini_array_start = .)
 *(SORT_BY_NAME(.fini_array.*))
 *(.fini_array)
                0x0000000008000410                PROVIDE (__fini_array_end = .)

.flashtext
 *(.flashtext .flashtext.*)

.text           0x0000000008000410     0x5b55
 *(.text .text.*)
 .text.HAL_InitTick
                0x0000000008000410       0x4c ./system/src/stm32f4-hal/stm32f4xx_hal.o
                0x0000000008000410                HAL_InitTick
 .text.HAL_Init
                0x000000000800045c       0x34 ./system/src/stm32f4-hal/stm32f4xx_hal.o
                0x000000000800045c                HAL_Init
 .text.HAL_GetTick
                0x0000000008000490        0xc ./system/src/stm32f4-hal/stm32f4xx_hal.o
                0x0000000008000490                HAL_GetTick
 .text.HAL_NVIC_SetPriorityGrouping
                0x000000000800049c       0x3c ./system/src/stm32f4-hal/stm32f4xx_hal_cortex.o
                0x000000000800049c                HAL_NVIC_SetPriorityGrouping
 .text.HAL_NVIC_SetPriority
                0x00000000080004d8       0x8c ./system/src/stm32f4-hal/stm32f4xx_hal_cortex.o
                0x00000000080004d8                HAL_NVIC_SetPriority
 .text.HAL_SYSTICK_Config
                0x0000000008000564       0x28 ./system/src/stm32f4-hal/stm32f4xx_hal_cortex.o
                0x0000000008000564                HAL_SYSTICK_Config
 .text.HAL_SYSTICK_CLKSourceConfig
                0x000000000800058c       0x3c ./system/src/stm32f4-hal/stm32f4xx_hal_cortex.o
                0x000000000800058c                HAL_SYSTICK_CLKSourceConfig
 .text.HAL_RCC_OscConfig
                0x00000000080005c8      0x4f8 ./system/src/stm32f4-hal/stm32f4xx_hal_rcc.o
                0x00000000080005c8                HAL_RCC_OscConfig
 .text.HAL_RCC_GetSysClockFreq
                0x0000000008000ac0       0xdc ./system/src/stm32f4-hal/stm32f4xx_hal_rcc.o
                0x0000000008000ac0                HAL_RCC_GetSysClockFreq
 .text.HAL_RCC_ClockConfig
                0x0000000008000b9c      0x224 ./system/src/stm32f4-hal/stm32f4xx_hal_rcc.o
                0x0000000008000b9c                HAL_RCC_ClockConfig
 .text.HAL_RCC_GetHCLKFreq
                0x0000000008000dc0        0xc ./system/src/stm32f4-hal/stm32f4xx_hal_rcc.o
                0x0000000008000dc0                HAL_RCC_GetHCLKFreq
 .text.__assert_func
                0x0000000008000dcc       0x38 ./system/src/newlib/assert.o
                0x0000000008000dcc                __assert_func
 .text.abort    0x0000000008000e04       0x14 ./system/src/newlib/exit.o
                0x0000000008000e04                abort
 .text._sbrk    0x0000000008000e18       0x44 ./system/src/newlib/sbrk.o
                0x0000000008000e18                _sbrk
 .text.newslot  0x0000000008000e5c       0x28 ./system/src/newlib/syscalls.o
 .text.get_errno
                0x0000000008000e84       0x12 ./system/src/newlib/syscalls.o
 .text.error    0x0000000008000e96       0x14 ./system/src/newlib/syscalls.o
 .text.checkerror
                0x0000000008000eaa       0x10 ./system/src/newlib/syscalls.o
 *fill*         0x0000000008000eba        0x2 
 .text.findslot
                0x0000000008000ebc       0x3c ./system/src/newlib/syscalls.o
 .text._exit    0x0000000008000ef8       0x20 ./system/src/newlib/syscalls.o
                0x0000000008000ef8                _exit
 .text.initialise_monitor_handles
                0x0000000008000f18       0xa8 ./system/src/newlib/syscalls.o
                0x0000000008000f18                initialise_monitor_handles
 .text.__initialize_args
                0x0000000008000fc0       0xc0 ./system/src/newlib/syscalls.o
                0x0000000008000fc0                __initialize_args
 .text._swiread
                0x0000000008001080       0x20 ./system/src/newlib/syscalls.o
                0x0000000008001080                _swiread
 .text._read    0x00000000080010a0       0x36 ./system/src/newlib/syscalls.o
                0x00000000080010a0                _read
 .text._swilseek
                0x00000000080010d6       0x96 ./system/src/newlib/syscalls.o
                0x00000000080010d6                _swilseek
 .text._lseek   0x000000000800116c        0x8 ./system/src/newlib/syscalls.o
                0x000000000800116c                _lseek
 .text._swiwrite
                0x0000000008001174       0x20 ./system/src/newlib/syscalls.o
                0x0000000008001174                _swiwrite
 .text._write   0x0000000008001194       0x46 ./system/src/newlib/syscalls.o
                0x0000000008001194                _write
 .text._swiclose
                0x00000000080011da       0x1c ./system/src/newlib/syscalls.o
                0x00000000080011da                _swiclose
 *fill*         0x00000000080011f6        0x2 
 .text._close   0x00000000080011f8       0x48 ./system/src/newlib/syscalls.o
                0x00000000080011f8                _close
 .text._swistat
                0x0000000008001240       0x44 ./system/src/newlib/syscalls.o
                0x0000000008001240                _swistat
 .text._fstat   0x0000000008001284       0x1a ./system/src/newlib/syscalls.o
                0x0000000008001284                _fstat
 .text._stat    0x000000000800129e       0x3e ./system/src/newlib/syscalls.o
                0x000000000800129e                _stat
 .text._swiopen
                0x00000000080012dc       0xb0 ./system/src/newlib/syscalls.o
                0x00000000080012dc                _swiopen
 .text._open    0x000000000800138c       0x12 ./system/src/newlib/syscalls.o
                0x000000000800138c                _open
 .text._gettimeofday
                0x000000000800139e       0x28 ./system/src/newlib/syscalls.o
                0x000000000800139e                _gettimeofday
 .text._isatty  0x00000000080013c6       0x36 ./system/src/newlib/syscalls.o
                0x00000000080013c6                _isatty
 .text._trace_write_semihosting_debug
                0x00000000080013fc       0x62 ./system/src/diag/trace-impl.o
 .text.trace_write
                0x000000000800145e        0x8 ./system/src/diag/trace-impl.o
                0x000000000800145e                trace_write
 *fill*         0x0000000008001466        0x2 
 .text.trace_printf
                0x0000000008001468       0x34 ./system/src/diag/trace.o
                0x0000000008001468                trace_printf
 .text.trace_puts
                0x000000000800149c       0x20 ./system/src/diag/trace.o
                0x000000000800149c                trace_puts
 .text.dumpExceptionStack
                0x00000000080014bc       0xf4 ./system/src/cortexm/exception-handlers.o
                0x00000000080014bc                dumpExceptionStack
 .text.isSemihosting
                0x00000000080015b0      0x100 ./system/src/cortexm/exception-handlers.o
                0x00000000080015b0                isSemihosting
 .text.__initialize_hardware_early
                0x00000000080016b0       0x18 ./system/src/cortexm/initialize-hardware.o
                0x00000000080016b0                __initialize_hardware_early
 .text.SystemInit
                0x00000000080016c8       0x10 ./system/src/cmsis/system_stm32f4xx.o
                0x00000000080016c8                SystemInit
 .text.SystemCoreClockUpdate
                0x00000000080016d8       0xa0 ./system/src/cmsis/system_stm32f4xx.o
                0x00000000080016d8                SystemCoreClockUpdate
 .text.SystemClock_Config
                0x0000000008001778       0xa0 ./src/initialize-hardware.o
                0x0000000008001778                SystemClock_Config
 .text.__initialize_hardware
                0x0000000008001818       0x10 ./src/initialize-hardware.o
                0x0000000008001818                __initialize_hardware
 .text.assert_failed
                0x0000000008001828       0x14 ./src/initialize-hardware.o
                0x0000000008001828                assert_failed
 .text.MyReceiver
                0x000000000800183c       0x58 ./src/main.o
                0x000000000800183c                MyReceiver
 .text.CallBack_Timer2
                0x0000000008001894       0x90 ./src/main.o
 .text.CallBack_Timer1
                0x0000000008001924       0xc0 ./src/main.o
 .text.length_of_number
                0x00000000080019e4       0x20 ./src/main.o
                0x00000000080019e4                length_of_number
 .text.str_len  0x0000000008001a04       0x10 ./src/main.o
                0x0000000008001a04                str_len
 .text.str_cat_num
                0x0000000008001a14       0x48 ./src/main.o
                0x0000000008001a14                str_cat_num
 .text.Send_message_via_Queue
                0x0000000008001a5c       0x38 ./src/main.o
                0x0000000008001a5c                Send_message_via_Queue
 .text.MySender1
                0x0000000008001a94       0x9c ./src/main.o
                0x0000000008001a94                MySender1
 .text.MySender2
                0x0000000008001b30       0x9c ./src/main.o
                0x0000000008001b30                MySender2
 .text.Reset_Function
                0x0000000008001bcc      0x164 ./src/main.o
                0x0000000008001bcc                Reset_Function
 .text.CallBack_Timer3
                0x0000000008001d30       0x54 ./src/main.o
 .text.main     0x0000000008001d84      0x1ac ./src/main.o
                0x0000000008001d84                main
 .text.vApplicationMallocFailedHook
                0x0000000008001f30        0x2 ./src/main.o
                0x0000000008001f30                vApplicationMallocFailedHook
 .text.vApplicationStackOverflowHook
                0x0000000008001f32        0x2 ./src/main.o
                0x0000000008001f32                vApplicationStackOverflowHook
 .text.vApplicationIdleHook
                0x0000000008001f34       0x12 ./src/main.o
                0x0000000008001f34                vApplicationIdleHook
 .text.vApplicationTickHook
                0x0000000008001f46        0x2 ./src/main.o
                0x0000000008001f46                vApplicationTickHook
 .text.HAL_MspInit
                0x0000000008001f48        0x2 ./src/stm32f4xx_hal_msp.o
                0x0000000008001f48                HAL_MspInit
 *fill*         0x0000000008001f4a        0x2 
 .text.prvHeapInit
                0x0000000008001f4c       0x64 ./FreeRTOS Source/portable/MemMang/heap_4.o
 .text.prvInsertBlockIntoFreeList
                0x0000000008001fb0       0x64 ./FreeRTOS Source/portable/MemMang/heap_4.o
 .text.pvPortMalloc
                0x0000000008002014      0x104 ./FreeRTOS Source/portable/MemMang/heap_4.o
                0x0000000008002014                pvPortMalloc
 .text.vPortFree
                0x0000000008002118       0x70 ./FreeRTOS Source/portable/MemMang/heap_4.o
                0x0000000008002118                vPortFree
 .text.xPortGetFreeHeapSize
                0x0000000008002188        0xc ./FreeRTOS Source/portable/MemMang/heap_4.o
                0x0000000008002188                xPortGetFreeHeapSize
 .text.prvTaskExitError
                0x0000000008002194       0x34 ./FreeRTOS Source/portable/GCC/ARM_CM4F/port.o
 .text.prvPortStartFirstTask
                0x00000000080021c8       0x20 ./FreeRTOS Source/portable/GCC/ARM_CM4F/port.o
 .text.pxPortInitialiseStack
                0x00000000080021e8       0x2c ./FreeRTOS Source/portable/GCC/ARM_CM4F/port.o
                0x00000000080021e8                pxPortInitialiseStack
 *fill*         0x0000000008002214        0xc 
 .text.SVC_Handler
                0x0000000008002220       0x24 ./FreeRTOS Source/portable/GCC/ARM_CM4F/port.o
                0x0000000008002220                SVC_Handler
 .text.vPortEnterCritical
                0x0000000008002244       0x44 ./FreeRTOS Source/portable/GCC/ARM_CM4F/port.o
                0x0000000008002244                vPortEnterCritical
 .text.vPortExitCritical
                0x0000000008002288       0x2c ./FreeRTOS Source/portable/GCC/ARM_CM4F/port.o
                0x0000000008002288                vPortExitCritical
 *fill*         0x00000000080022b4        0xc 
 .text.PendSV_Handler
                0x00000000080022c0       0x64 ./FreeRTOS Source/portable/GCC/ARM_CM4F/port.o
                0x00000000080022c0                PendSV_Handler
 .text.SysTick_Handler
                0x0000000008002324       0x2c ./FreeRTOS Source/portable/GCC/ARM_CM4F/port.o
                0x0000000008002324                SysTick_Handler
 .text.vPortSetupTimerInterrupt
                0x0000000008002350       0x24 ./FreeRTOS Source/portable/GCC/ARM_CM4F/port.o
                0x0000000008002350                vPortSetupTimerInterrupt
 .text.xPortStartScheduler
                0x0000000008002374       0xf4 ./FreeRTOS Source/portable/GCC/ARM_CM4F/port.o
                0x0000000008002374                xPortStartScheduler
 .text.vPortValidateInterruptPriority
                0x0000000008002468       0x5c ./FreeRTOS Source/portable/GCC/ARM_CM4F/port.o
                0x0000000008002468                vPortValidateInterruptPriority
 .text.vListInitialise
                0x00000000080024c4       0x16 ./FreeRTOS Source/list.o
                0x00000000080024c4                vListInitialise
 .text.vListInitialiseItem
                0x00000000080024da        0x6 ./FreeRTOS Source/list.o
                0x00000000080024da                vListInitialiseItem
 .text.vListInsertEnd
                0x00000000080024e0       0x16 ./FreeRTOS Source/list.o
                0x00000000080024e0                vListInsertEnd
 .text.vListInsert
                0x00000000080024f6       0x32 ./FreeRTOS Source/list.o
                0x00000000080024f6                vListInsert
 .text.uxListRemove
                0x0000000008002528       0x24 ./FreeRTOS Source/list.o
                0x0000000008002528                uxListRemove
 .text.prvIsQueueFull
                0x000000000800254c       0x1e ./FreeRTOS Source/queue.o
 .text.prvIsQueueEmpty
                0x000000000800256a       0x1a ./FreeRTOS Source/queue.o
 .text.prvCopyDataToQueue
                0x0000000008002584       0x76 ./FreeRTOS Source/queue.o
 .text.prvCopyDataFromQueue
                0x00000000080025fa       0x24 ./FreeRTOS Source/queue.o
 .text.prvUnlockQueue
                0x000000000800261e       0x6e ./FreeRTOS Source/queue.o
 .text.xQueueGenericReset
                0x000000000800268c       0x84 ./FreeRTOS Source/queue.o
                0x000000000800268c                xQueueGenericReset
 .text.prvInitialiseNewQueue
                0x0000000008002710       0x22 ./FreeRTOS Source/queue.o
 .text.xQueueGenericCreate
                0x0000000008002732       0x48 ./FreeRTOS Source/queue.o
                0x0000000008002732                xQueueGenericCreate
 .text.xQueueGenericSend
                0x000000000800277a      0x188 ./FreeRTOS Source/queue.o
                0x000000000800277a                xQueueGenericSend
 .text.xQueueGenericSendFromISR
                0x0000000008002902       0xcc ./FreeRTOS Source/queue.o
                0x0000000008002902                xQueueGenericSendFromISR
 .text.xQueueGenericReceive
                0x00000000080029ce      0x1ba ./FreeRTOS Source/queue.o
                0x00000000080029ce                xQueueGenericReceive
 .text.vQueueAddToRegistry
                0x0000000008002b88       0x28 ./FreeRTOS Source/queue.o
                0x0000000008002b88                vQueueAddToRegistry
 .text.vQueueWaitForMessageRestricted
                0x0000000008002bb0       0x52 ./FreeRTOS Source/queue.o
                0x0000000008002bb0                vQueueWaitForMessageRestricted
 *fill*         0x0000000008002c02        0x2 
 .text.prvTaskIsTaskSuspended
                0x0000000008002c04       0x40 ./FreeRTOS Source/tasks.o
 .text.prvResetNextTaskUnblockTime
                0x0000000008002c44       0x2c ./FreeRTOS Source/tasks.o
 .text.prvDeleteTCB
                0x0000000008002c70       0x12 ./FreeRTOS Source/tasks.o
 .text.prvInitialiseNewTask
                0x0000000008002c82       0x98 ./FreeRTOS Source/tasks.o
 *fill*         0x0000000008002d1a        0x2 
 .text.prvInitialiseTaskLists
                0x0000000008002d1c       0x68 ./FreeRTOS Source/tasks.o
 .text.prvAddNewTaskToReadyList
                0x0000000008002d84       0xac ./FreeRTOS Source/tasks.o
 .text.prvAddCurrentTaskToDelayedList
                0x0000000008002e30       0x98 ./FreeRTOS Source/tasks.o
 .text.xTaskCreate
                0x0000000008002ec8       0x64 ./FreeRTOS Source/tasks.o
                0x0000000008002ec8                xTaskCreate
 .text.vTaskResume
                0x0000000008002f2c       0x88 ./FreeRTOS Source/tasks.o
                0x0000000008002f2c                vTaskResume
 .text.vTaskStartScheduler
                0x0000000008002fb4       0x84 ./FreeRTOS Source/tasks.o
                0x0000000008002fb4                vTaskStartScheduler
 .text.vTaskSuspendAll
                0x0000000008003038       0x10 ./FreeRTOS Source/tasks.o
                0x0000000008003038                vTaskSuspendAll
 .text.xTaskGetTickCount
                0x0000000008003048        0xc ./FreeRTOS Source/tasks.o
                0x0000000008003048                xTaskGetTickCount
 .text.xTaskIncrementTick
                0x0000000008003054      0x128 ./FreeRTOS Source/tasks.o
                0x0000000008003054                xTaskIncrementTick
 .text.xTaskResumeAll
                0x000000000800317c       0xf8 ./FreeRTOS Source/tasks.o
                0x000000000800317c                xTaskResumeAll
 .text.vTaskDelay
                0x0000000008003274       0x4c ./FreeRTOS Source/tasks.o
                0x0000000008003274                vTaskDelay
 .text.prvCheckTasksWaitingTermination
                0x00000000080032c0       0x5c ./FreeRTOS Source/tasks.o
 .text.prvIdleTask
                0x000000000800331c       0x30 ./FreeRTOS Source/tasks.o
 .text.vTaskSwitchContext
                0x000000000800334c       0xcc ./FreeRTOS Source/tasks.o
                0x000000000800334c                vTaskSwitchContext
 .text.vTaskSuspend
                0x0000000008003418       0xd8 ./FreeRTOS Source/tasks.o
                0x0000000008003418                vTaskSuspend
 .text.vTaskPlaceOnEventList
                0x00000000080034f0       0x30 ./FreeRTOS Source/tasks.o
                0x00000000080034f0                vTaskPlaceOnEventList
 .text.vTaskPlaceOnEventListRestricted
                0x0000000008003520       0x38 ./FreeRTOS Source/tasks.o
                0x0000000008003520                vTaskPlaceOnEventListRestricted
 .text.xTaskRemoveFromEventList
                0x0000000008003558       0x8c ./FreeRTOS Source/tasks.o
                0x0000000008003558                xTaskRemoveFromEventList
 .text.vTaskSetTimeOutState
                0x00000000080035e4       0x2c ./FreeRTOS Source/tasks.o
                0x00000000080035e4                vTaskSetTimeOutState
 .text.xTaskCheckForTimeOut
                0x0000000008003610       0x80 ./FreeRTOS Source/tasks.o
                0x0000000008003610                xTaskCheckForTimeOut
 .text.vTaskMissedYield
                0x0000000008003690        0xc ./FreeRTOS Source/tasks.o
                0x0000000008003690                vTaskMissedYield
 .text.xTaskGetSchedulerState
                0x000000000800369c       0x20 ./FreeRTOS Source/tasks.o
                0x000000000800369c                xTaskGetSchedulerState
 .text.vTaskPriorityInherit
                0x00000000080036bc       0xa0 ./FreeRTOS Source/tasks.o
                0x00000000080036bc                vTaskPriorityInherit
 .text.xTaskPriorityDisinherit
                0x000000000800375c       0xb0 ./FreeRTOS Source/tasks.o
                0x000000000800375c                xTaskPriorityDisinherit
 .text.pvTaskIncrementMutexHeldCount
                0x000000000800380c       0x1c ./FreeRTOS Source/tasks.o
                0x000000000800380c                pvTaskIncrementMutexHeldCount
 .text.prvGetNextExpireTime
                0x0000000008003828       0x20 ./FreeRTOS Source/timers.o
 .text.prvInsertTimerInActiveList
                0x0000000008003848       0x48 ./FreeRTOS Source/timers.o
 .text.prvCheckForValidListAndQueue
                0x0000000008003890       0x5c ./FreeRTOS Source/timers.o
 .text.prvInitialiseNewTimer
                0x00000000080038ec       0x40 ./FreeRTOS Source/timers.o
 .text.xTimerCreateTimerTask
                0x000000000800392c       0x50 ./FreeRTOS Source/timers.o
                0x000000000800392c                xTimerCreateTimerTask
 .text.xTimerCreate
                0x000000000800397c       0x32 ./FreeRTOS Source/timers.o
                0x000000000800397c                xTimerCreate
 *fill*         0x00000000080039ae        0x2 
 .text.xTimerGenericCommand
                0x00000000080039b0       0x6c ./FreeRTOS Source/timers.o
                0x00000000080039b0                xTimerGenericCommand
 .text.prvSwitchTimerLists
                0x0000000008003a1c       0x78 ./FreeRTOS Source/timers.o
 .text.prvSampleTimeNow
                0x0000000008003a94       0x2c ./FreeRTOS Source/timers.o
 .text.prvProcessExpiredTimer
                0x0000000008003ac0       0x60 ./FreeRTOS Source/timers.o
 .text.prvProcessTimerOrBlockTask
                0x0000000008003b20       0x74 ./FreeRTOS Source/timers.o
 .text.prvProcessReceivedCommands
                0x0000000008003b94       0xe0 ./FreeRTOS Source/timers.o
 .text.prvTimerTask
                0x0000000008003c74       0x16 ./FreeRTOS Source/timers.o
 *fill*         0x0000000008003c8a        0x2 
 .text          0x0000000008003c8c       0x30 c:/users/mg/appdata/roaming/xpacks/@xpack-dev-tools/arm-none-eabi-gcc/11.2.1-1.2.2/.content/bin/../lib/gcc/arm-none-eabi/11.2.1/thumb/v7e-m+fp/softfp\libgcc.a(_aeabi_uldivmod.o)
                0x0000000008003c8c                __aeabi_uldivmod
 .text.__udivmoddi4
                0x0000000008003cbc      0x2c8 c:/users/mg/appdata/roaming/xpacks/@xpack-dev-tools/arm-none-eabi-gcc/11.2.1-1.2.2/.content/bin/../lib/gcc/arm-none-eabi/11.2.1/thumb/v7e-m+fp/softfp\libgcc.a(_udivmoddi4.o)
                0x0000000008003cbc                __udivmoddi4
 .text          0x0000000008003f84        0x4 c:/users/mg/appdata/roaming/xpacks/@xpack-dev-tools/arm-none-eabi-gcc/11.2.1-1.2.2/.content/bin/../lib/gcc/arm-none-eabi/11.2.1/thumb/v7e-m+fp/softfp\libgcc.a(_dvmd_tls.o)
                0x0000000008003f84                __aeabi_idiv0
                0x0000000008003f84                __aeabi_ldiv0
 .text.__errno  0x0000000008003f88        0xc c:/users/mg/appdata/roaming/xpacks/@xpack-dev-tools/arm-none-eabi-gcc/11.2.1-1.2.2/.content/bin/../lib/gcc/arm-none-eabi/11.2.1/../../../../arm-none-eabi/lib/thumb/v7e-m+fp/softfp\libg_nano.a(lib_a-errno.o)
                0x0000000008003f88                __errno
 .text.exit     0x0000000008003f94       0x28 c:/users/mg/appdata/roaming/xpacks/@xpack-dev-tools/arm-none-eabi-gcc/11.2.1-1.2.2/.content/bin/../lib/gcc/arm-none-eabi/11.2.1/../../../../arm-none-eabi/lib/thumb/v7e-m+fp/softfp\libg_nano.a(lib_a-exit.o)
                0x0000000008003f94                exit
 .text._fclose_r
                0x0000000008003fbc       0xa4 c:/users/mg/appdata/roaming/xpacks/@xpack-dev-tools/arm-none-eabi-gcc/11.2.1-1.2.2/.content/bin/../lib/gcc/arm-none-eabi/11.2.1/../../../../arm-none-eabi/lib/thumb/v7e-m+fp/softfp\libg_nano.a(lib_a-fclose.o)
                0x0000000008003fbc                _fclose_r
 .text.fclose   0x0000000008004060       0x10 c:/users/mg/appdata/roaming/xpacks/@xpack-dev-tools/arm-none-eabi-gcc/11.2.1-1.2.2/.content/bin/../lib/gcc/arm-none-eabi/11.2.1/../../../../arm-none-eabi/lib/thumb/v7e-m+fp/softfp\libg_nano.a(lib_a-fclose.o)
                0x0000000008004060                fclose
 .text.__sflush_r
                0x0000000008004070      0x10c c:/users/mg/appdata/roaming/xpacks/@xpack-dev-tools/arm-none-eabi-gcc/11.2.1-1.2.2/.content/bin/../lib/gcc/arm-none-eabi/11.2.1/../../../../arm-none-eabi/lib/thumb/v7e-m+fp/softfp\libg_nano.a(lib_a-fflush.o)
                0x0000000008004070                __sflush_r
 .text._fflush_r
                0x000000000800417c       0x54 c:/users/mg/appdata/roaming/xpacks/@xpack-dev-tools/arm-none-eabi-gcc/11.2.1-1.2.2/.content/bin/../lib/gcc/arm-none-eabi/11.2.1/../../../../arm-none-eabi/lib/thumb/v7e-m+fp/softfp\libg_nano.a(lib_a-fflush.o)
                0x000000000800417c                _fflush_r
 .text.std      0x00000000080041d0       0x48 c:/users/mg/appdata/roaming/xpacks/@xpack-dev-tools/arm-none-eabi-gcc/11.2.1-1.2.2/.content/bin/../lib/gcc/arm-none-eabi/11.2.1/../../../../arm-none-eabi/lib/thumb/v7e-m+fp/softfp\libg_nano.a(lib_a-findfp.o)
 .text._cleanup_r
                0x0000000008004218        0xc c:/users/mg/appdata/roaming/xpacks/@xpack-dev-tools/arm-none-eabi-gcc/11.2.1-1.2.2/.content/bin/../lib/gcc/arm-none-eabi/11.2.1/../../../../arm-none-eabi/lib/thumb/v7e-m+fp/softfp\libg_nano.a(lib_a-findfp.o)
                0x0000000008004218                _cleanup_r
 .text.__sfmoreglue
                0x0000000008004224       0x2c c:/users/mg/appdata/roaming/xpacks/@xpack-dev-tools/arm-none-eabi-gcc/11.2.1-1.2.2/.content/bin/../lib/gcc/arm-none-eabi/11.2.1/../../../../arm-none-eabi/lib/thumb/v7e-m+fp/softfp\libg_nano.a(lib_a-findfp.o)
                0x0000000008004224                __sfmoreglue
 .text.__sinit  0x0000000008004250       0x60 c:/users/mg/appdata/roaming/xpacks/@xpack-dev-tools/arm-none-eabi-gcc/11.2.1-1.2.2/.content/bin/../lib/gcc/arm-none-eabi/11.2.1/../../../../arm-none-eabi/lib/thumb/v7e-m+fp/softfp\libg_nano.a(lib_a-findfp.o)
                0x0000000008004250                __sinit
 .text.__sfp    0x00000000080042b0       0x78 c:/users/mg/appdata/roaming/xpacks/@xpack-dev-tools/arm-none-eabi-gcc/11.2.1-1.2.2/.content/bin/../lib/gcc/arm-none-eabi/11.2.1/../../../../arm-none-eabi/lib/thumb/v7e-m+fp/softfp\libg_nano.a(lib_a-findfp.o)
                0x00000000080042b0                __sfp
 .text.__sfp_lock_acquire
                0x0000000008004328        0x2 c:/users/mg/appdata/roaming/xpacks/@xpack-dev-tools/arm-none-eabi-gcc/11.2.1-1.2.2/.content/bin/../lib/gcc/arm-none-eabi/11.2.1/../../../../arm-none-eabi/lib/thumb/v7e-m+fp/softfp\libg_nano.a(lib_a-findfp.o)
                0x0000000008004328                __sfp_lock_acquire
 .text.__sfp_lock_release
                0x000000000800432a        0x2 c:/users/mg/appdata/roaming/xpacks/@xpack-dev-tools/arm-none-eabi-gcc/11.2.1-1.2.2/.content/bin/../lib/gcc/arm-none-eabi/11.2.1/../../../../arm-none-eabi/lib/thumb/v7e-m+fp/softfp\libg_nano.a(lib_a-findfp.o)
                0x000000000800432a                __sfp_lock_release
 .text._fopen_r
                0x000000000800432c       0x80 c:/users/mg/appdata/roaming/xpacks/@xpack-dev-tools/arm-none-eabi-gcc/11.2.1-1.2.2/.content/bin/../lib/gcc/arm-none-eabi/11.2.1/../../../../arm-none-eabi/lib/thumb/v7e-m+fp/softfp\libg_nano.a(lib_a-fopen.o)
                0x000000000800432c                _fopen_r
 .text.fopen    0x00000000080043ac       0x10 c:/users/mg/appdata/roaming/xpacks/@xpack-dev-tools/arm-none-eabi-gcc/11.2.1-1.2.2/.content/bin/../lib/gcc/arm-none-eabi/11.2.1/../../../../arm-none-eabi/lib/thumb/v7e-m+fp/softfp\libg_nano.a(lib_a-fopen.o)
                0x00000000080043ac                fopen
 .text.fprintf  0x00000000080043bc       0x24 c:/users/mg/appdata/roaming/xpacks/@xpack-dev-tools/arm-none-eabi-gcc/11.2.1-1.2.2/.content/bin/../lib/gcc/arm-none-eabi/11.2.1/../../../../arm-none-eabi/lib/thumb/v7e-m+fp/softfp\libg_nano.a(lib_a-fprintf.o)
                0x00000000080043bc                fiprintf
                0x00000000080043bc                fprintf
 .text._fseek_r
                0x00000000080043e0        0x4 c:/users/mg/appdata/roaming/xpacks/@xpack-dev-tools/arm-none-eabi-gcc/11.2.1-1.2.2/.content/bin/../lib/gcc/arm-none-eabi/11.2.1/../../../../arm-none-eabi/lib/thumb/v7e-m+fp/softfp\libg_nano.a(lib_a-fseek.o)
                0x00000000080043e0                _fseek_r
 .text._fseeko_r
                0x00000000080043e4      0x11c c:/users/mg/appdata/roaming/xpacks/@xpack-dev-tools/arm-none-eabi-gcc/11.2.1-1.2.2/.content/bin/../lib/gcc/arm-none-eabi/11.2.1/../../../../arm-none-eabi/lib/thumb/v7e-m+fp/softfp\libg_nano.a(lib_a-fseeko.o)
                0x00000000080043e4                _fseeko_r
 .text._fwalk_reent
                0x0000000008004500       0x3e c:/users/mg/appdata/roaming/xpacks/@xpack-dev-tools/arm-none-eabi-gcc/11.2.1-1.2.2/.content/bin/../lib/gcc/arm-none-eabi/11.2.1/../../../../arm-none-eabi/lib/thumb/v7e-m+fp/softfp\libg_nano.a(lib_a-fwalk.o)
                0x0000000008004500                _fwalk_reent
 *fill*         0x000000000800453e        0x2 
 .text._fwrite_r
                0x0000000008004540       0x9c c:/users/mg/appdata/roaming/xpacks/@xpack-dev-tools/arm-none-eabi-gcc/11.2.1-1.2.2/.content/bin/../lib/gcc/arm-none-eabi/11.2.1/../../../../arm-none-eabi/lib/thumb/v7e-m+fp/softfp\libg_nano.a(lib_a-fwrite.o)
                0x0000000008004540                _fwrite_r
 .text.fwrite   0x00000000080045dc       0x1c c:/users/mg/appdata/roaming/xpacks/@xpack-dev-tools/arm-none-eabi-gcc/11.2.1-1.2.2/.content/bin/../lib/gcc/arm-none-eabi/11.2.1/../../../../arm-none-eabi/lib/thumb/v7e-m+fp/softfp\libg_nano.a(lib_a-fwrite.o)
                0x00000000080045dc                fwrite
 .text.__swhatbuf_r
                0x00000000080045f8       0x4c c:/users/mg/appdata/roaming/xpacks/@xpack-dev-tools/arm-none-eabi-gcc/11.2.1-1.2.2/.content/bin/../lib/gcc/arm-none-eabi/11.2.1/../../../../arm-none-eabi/lib/thumb/v7e-m+fp/softfp\libg_nano.a(lib_a-makebuf.o)
                0x00000000080045f8                __swhatbuf_r
 .text.__smakebuf_r
                0x0000000008004644       0x80 c:/users/mg/appdata/roaming/xpacks/@xpack-dev-tools/arm-none-eabi-gcc/11.2.1-1.2.2/.content/bin/../lib/gcc/arm-none-eabi/11.2.1/../../../../arm-none-eabi/lib/thumb/v7e-m+fp/softfp\libg_nano.a(lib_a-makebuf.o)
                0x0000000008004644                __smakebuf_r
 .text.memcpy   0x00000000080046c4       0x1c c:/users/mg/appdata/roaming/xpacks/@xpack-dev-tools/arm-none-eabi-gcc/11.2.1-1.2.2/.content/bin/../lib/gcc/arm-none-eabi/11.2.1/../../../../arm-none-eabi/lib/thumb/v7e-m+fp/softfp\libg_nano.a(lib_a-memcpy-stub.o)
                0x00000000080046c4                memcpy
 .text.memset   0x00000000080046e0       0x10 c:/users/mg/appdata/roaming/xpacks/@xpack-dev-tools/arm-none-eabi-gcc/11.2.1-1.2.2/.content/bin/../lib/gcc/arm-none-eabi/11.2.1/../../../../arm-none-eabi/lib/thumb/v7e-m+fp/softfp\libg_nano.a(lib_a-memset.o)
                0x00000000080046e0                memset
 .text._free_r  0x00000000080046f0       0x98 c:/users/mg/appdata/roaming/xpacks/@xpack-dev-tools/arm-none-eabi-gcc/11.2.1-1.2.2/.content/bin/../lib/gcc/arm-none-eabi/11.2.1/../../../../arm-none-eabi/lib/thumb/v7e-m+fp/softfp\libg_nano.a(lib_a-nano-freer.o)
                0x00000000080046f0                _free_r
 .text.sbrk_aligned
                0x0000000008004788       0x40 c:/users/mg/appdata/roaming/xpacks/@xpack-dev-tools/arm-none-eabi-gcc/11.2.1-1.2.2/.content/bin/../lib/gcc/arm-none-eabi/11.2.1/../../../../arm-none-eabi/lib/thumb/v7e-m+fp/softfp\libg_nano.a(lib_a-nano-mallocr.o)
 .text._malloc_r
                0x00000000080047c8       0xe8 c:/users/mg/appdata/roaming/xpacks/@xpack-dev-tools/arm-none-eabi-gcc/11.2.1-1.2.2/.content/bin/../lib/gcc/arm-none-eabi/11.2.1/../../../../arm-none-eabi/lib/thumb/v7e-m+fp/softfp\libg_nano.a(lib_a-nano-mallocr.o)
                0x00000000080047c8                _malloc_r
 .text.__sfputc_r
                0x00000000080048b0       0x2e c:/users/mg/appdata/roaming/xpacks/@xpack-dev-tools/arm-none-eabi-gcc/11.2.1-1.2.2/.content/bin/../lib/gcc/arm-none-eabi/11.2.1/../../../../arm-none-eabi/lib/thumb/v7e-m+fp/softfp\libg_nano.a(lib_a-nano-vfprintf.o)
 .text.__sfputs_r
                0x00000000080048de       0x24 c:/users/mg/appdata/roaming/xpacks/@xpack-dev-tools/arm-none-eabi-gcc/11.2.1-1.2.2/.content/bin/../lib/gcc/arm-none-eabi/11.2.1/../../../../arm-none-eabi/lib/thumb/v7e-m+fp/softfp\libg_nano.a(lib_a-nano-vfprintf.o)
                0x00000000080048de                __sfputs_r
 *fill*         0x0000000008004902        0x2 
 .text._vfprintf_r
                0x0000000008004904      0x228 c:/users/mg/appdata/roaming/xpacks/@xpack-dev-tools/arm-none-eabi-gcc/11.2.1-1.2.2/.content/bin/../lib/gcc/arm-none-eabi/11.2.1/../../../../arm-none-eabi/lib/thumb/v7e-m+fp/softfp\libg_nano.a(lib_a-nano-vfprintf.o)
                0x0000000008004904                _vfprintf_r
                0x0000000008004904                _vfiprintf_r
 .text._open_r  0x0000000008004b2c       0x24 c:/users/mg/appdata/roaming/xpacks/@xpack-dev-tools/arm-none-eabi-gcc/11.2.1-1.2.2/.content/bin/../lib/gcc/arm-none-eabi/11.2.1/../../../../arm-none-eabi/lib/thumb/v7e-m+fp/softfp\libg_nano.a(lib_a-openr.o)
                0x0000000008004b2c                _open_r
 .text.printf   0x0000000008004b50       0x30 c:/users/mg/appdata/roaming/xpacks/@xpack-dev-tools/arm-none-eabi-gcc/11.2.1-1.2.2/.content/bin/../lib/gcc/arm-none-eabi/11.2.1/../../../../arm-none-eabi/lib/thumb/v7e-m+fp/softfp\libg_nano.a(lib_a-printf.o)
                0x0000000008004b50                iprintf
                0x0000000008004b50                printf
 .text._puts_r  0x0000000008004b80       0xb8 c:/users/mg/appdata/roaming/xpacks/@xpack-dev-tools/arm-none-eabi-gcc/11.2.1-1.2.2/.content/bin/../lib/gcc/arm-none-eabi/11.2.1/../../../../arm-none-eabi/lib/thumb/v7e-m+fp/softfp\libg_nano.a(lib_a-puts.o)
                0x0000000008004b80                _puts_r
 .text.puts     0x0000000008004c38       0x10 c:/users/mg/appdata/roaming/xpacks/@xpack-dev-tools/arm-none-eabi-gcc/11.2.1-1.2.2/.content/bin/../lib/gcc/arm-none-eabi/11.2.1/../../../../arm-none-eabi/lib/thumb/v7e-m+fp/softfp\libg_nano.a(lib_a-puts.o)
                0x0000000008004c38                puts
 .text.srand    0x0000000008004c48       0x5c c:/users/mg/appdata/roaming/xpacks/@xpack-dev-tools/arm-none-eabi-gcc/11.2.1-1.2.2/.content/bin/../lib/gcc/arm-none-eabi/11.2.1/../../../../arm-none-eabi/lib/thumb/v7e-m+fp/softfp\libg_nano.a(lib_a-rand.o)
                0x0000000008004c48                srand
 .text.rand     0x0000000008004ca4       0x7c c:/users/mg/appdata/roaming/xpacks/@xpack-dev-tools/arm-none-eabi-gcc/11.2.1-1.2.2/.content/bin/../lib/gcc/arm-none-eabi/11.2.1/../../../../arm-none-eabi/lib/thumb/v7e-m+fp/softfp\libg_nano.a(lib_a-rand.o)
                0x0000000008004ca4                rand
 .text._sbrk_r  0x0000000008004d20       0x20 c:/users/mg/appdata/roaming/xpacks/@xpack-dev-tools/arm-none-eabi-gcc/11.2.1-1.2.2/.content/bin/../lib/gcc/arm-none-eabi/11.2.1/../../../../arm-none-eabi/lib/thumb/v7e-m+fp/softfp\libg_nano.a(lib_a-sbrkr.o)
                0x0000000008004d20                _sbrk_r
 .text.sprintf  0x0000000008004d40       0x40 c:/users/mg/appdata/roaming/xpacks/@xpack-dev-tools/arm-none-eabi-gcc/11.2.1-1.2.2/.content/bin/../lib/gcc/arm-none-eabi/11.2.1/../../../../arm-none-eabi/lib/thumb/v7e-m+fp/softfp\libg_nano.a(lib_a-sprintf.o)
                0x0000000008004d40                siprintf
                0x0000000008004d40                sprintf
 .text.__sread  0x0000000008004d80       0x22 c:/users/mg/appdata/roaming/xpacks/@xpack-dev-tools/arm-none-eabi-gcc/11.2.1-1.2.2/.content/bin/../lib/gcc/arm-none-eabi/11.2.1/../../../../arm-none-eabi/lib/thumb/v7e-m+fp/softfp\libg_nano.a(lib_a-stdio.o)
                0x0000000008004d80                __sread
 .text.__swrite
                0x0000000008004da2       0x38 c:/users/mg/appdata/roaming/xpacks/@xpack-dev-tools/arm-none-eabi-gcc/11.2.1-1.2.2/.content/bin/../lib/gcc/arm-none-eabi/11.2.1/../../../../arm-none-eabi/lib/thumb/v7e-m+fp/softfp\libg_nano.a(lib_a-stdio.o)
                0x0000000008004da2                __swrite
 .text.__sseek  0x0000000008004dda       0x24 c:/users/mg/appdata/roaming/xpacks/@xpack-dev-tools/arm-none-eabi-gcc/11.2.1-1.2.2/.content/bin/../lib/gcc/arm-none-eabi/11.2.1/../../../../arm-none-eabi/lib/thumb/v7e-m+fp/softfp\libg_nano.a(lib_a-stdio.o)
                0x0000000008004dda                __sseek
 .text.__sclose
                0x0000000008004dfe        0x8 c:/users/mg/appdata/roaming/xpacks/@xpack-dev-tools/arm-none-eabi-gcc/11.2.1-1.2.2/.content/bin/../lib/gcc/arm-none-eabi/11.2.1/../../../../arm-none-eabi/lib/thumb/v7e-m+fp/softfp\libg_nano.a(lib_a-stdio.o)
                0x0000000008004dfe                __sclose
 .text          0x0000000008004e06       0x14 c:/users/mg/appdata/roaming/xpacks/@xpack-dev-tools/arm-none-eabi-gcc/11.2.1-1.2.2/.content/bin/../lib/gcc/arm-none-eabi/11.2.1/../../../../arm-none-eabi/lib/thumb/v7e-m+fp/softfp\libg_nano.a(lib_a-strcmp.o)
                0x0000000008004e06                strcmp
 .text          0x0000000008004e1a       0x10 c:/users/mg/appdata/roaming/xpacks/@xpack-dev-tools/arm-none-eabi-gcc/11.2.1-1.2.2/.content/bin/../lib/gcc/arm-none-eabi/11.2.1/../../../../arm-none-eabi/lib/thumb/v7e-m+fp/softfp\libg_nano.a(lib_a-strlen.o)
                0x0000000008004e1a                strlen
 *fill*         0x0000000008004e2a        0x2 
 .text.time     0x0000000008004e2c       0x34 c:/users/mg/appdata/roaming/xpacks/@xpack-dev-tools/arm-none-eabi-gcc/11.2.1-1.2.2/.content/bin/../lib/gcc/arm-none-eabi/11.2.1/../../../../arm-none-eabi/lib/thumb/v7e-m+fp/softfp\libg_nano.a(lib_a-time.o)
                0x0000000008004e2c                time
 .text._vsnprintf_r
                0x0000000008004e60       0x56 c:/users/mg/appdata/roaming/xpacks/@xpack-dev-tools/arm-none-eabi-gcc/11.2.1-1.2.2/.content/bin/../lib/gcc/arm-none-eabi/11.2.1/../../../../arm-none-eabi/lib/thumb/v7e-m+fp/softfp\libg_nano.a(lib_a-vsnprintf.o)
                0x0000000008004e60                _vsniprintf_r
                0x0000000008004e60                _vsnprintf_r
 *fill*         0x0000000008004eb6        0x2 
 .text.vsnprintf
                0x0000000008004eb8       0x1c c:/users/mg/appdata/roaming/xpacks/@xpack-dev-tools/arm-none-eabi-gcc/11.2.1-1.2.2/.content/bin/../lib/gcc/arm-none-eabi/11.2.1/../../../../arm-none-eabi/lib/thumb/v7e-m+fp/softfp\libg_nano.a(lib_a-vsnprintf.o)
                0x0000000008004eb8                vsniprintf
                0x0000000008004eb8                vsnprintf
 .text.__swbuf_r
                0x0000000008004ed4       0xa4 c:/users/mg/appdata/roaming/xpacks/@xpack-dev-tools/arm-none-eabi-gcc/11.2.1-1.2.2/.content/bin/../lib/gcc/arm-none-eabi/11.2.1/../../../../arm-none-eabi/lib/thumb/v7e-m+fp/softfp\libg_nano.a(lib_a-wbuf.o)
                0x0000000008004ed4                __swbuf_r
 .text._write_r
                0x0000000008004f78       0x24 c:/users/mg/appdata/roaming/xpacks/@xpack-dev-tools/arm-none-eabi-gcc/11.2.1-1.2.2/.content/bin/../lib/gcc/arm-none-eabi/11.2.1/../../../../arm-none-eabi/lib/thumb/v7e-m+fp/softfp\libg_nano.a(lib_a-writer.o)
                0x0000000008004f78                _write_r
 .text.__swsetup_r
                0x0000000008004f9c       0xdc c:/users/mg/appdata/roaming/xpacks/@xpack-dev-tools/arm-none-eabi-gcc/11.2.1-1.2.2/.content/bin/../lib/gcc/arm-none-eabi/11.2.1/../../../../arm-none-eabi/lib/thumb/v7e-m+fp/softfp\libg_nano.a(lib_a-wsetup.o)
                0x0000000008004f9c                __swsetup_r
 .text._close_r
                0x0000000008005078       0x20 c:/users/mg/appdata/roaming/xpacks/@xpack-dev-tools/arm-none-eabi-gcc/11.2.1-1.2.2/.content/bin/../lib/gcc/arm-none-eabi/11.2.1/../../../../arm-none-eabi/lib/thumb/v7e-m+fp/softfp\libg_nano.a(lib_a-closer.o)
                0x0000000008005078                _close_r
 .text.__sflags
                0x0000000008005098       0x6c c:/users/mg/appdata/roaming/xpacks/@xpack-dev-tools/arm-none-eabi-gcc/11.2.1-1.2.2/.content/bin/../lib/gcc/arm-none-eabi/11.2.1/../../../../arm-none-eabi/lib/thumb/v7e-m+fp/softfp\libg_nano.a(lib_a-flags.o)
                0x0000000008005098                __sflags
 .text._fstat_r
                0x0000000008005104       0x24 c:/users/mg/appdata/roaming/xpacks/@xpack-dev-tools/arm-none-eabi-gcc/11.2.1-1.2.2/.content/bin/../lib/gcc/arm-none-eabi/11.2.1/../../../../arm-none-eabi/lib/thumb/v7e-m+fp/softfp\libg_nano.a(lib_a-fstatr.o)
                0x0000000008005104                _fstat_r
 .text._gettimeofday_r
                0x0000000008005128       0x24 c:/users/mg/appdata/roaming/xpacks/@xpack-dev-tools/arm-none-eabi-gcc/11.2.1-1.2.2/.content/bin/../lib/gcc/arm-none-eabi/11.2.1/../../../../arm-none-eabi/lib/thumb/v7e-m+fp/softfp\libg_nano.a(lib_a-gettimeofdayr.o)
                0x0000000008005128                _gettimeofday_r
 .text._isatty_r
                0x000000000800514c       0x20 c:/users/mg/appdata/roaming/xpacks/@xpack-dev-tools/arm-none-eabi-gcc/11.2.1-1.2.2/.content/bin/../lib/gcc/arm-none-eabi/11.2.1/../../../../arm-none-eabi/lib/thumb/v7e-m+fp/softfp\libg_nano.a(lib_a-isattyr.o)
                0x000000000800514c                _isatty_r
 .text._lseek_r
                0x000000000800516c       0x24 c:/users/mg/appdata/roaming/xpacks/@xpack-dev-tools/arm-none-eabi-gcc/11.2.1-1.2.2/.content/bin/../lib/gcc/arm-none-eabi/11.2.1/../../../../arm-none-eabi/lib/thumb/v7e-m+fp/softfp\libg_nano.a(lib_a-lseekr.o)
                0x000000000800516c                _lseek_r
 .text.malloc   0x0000000008005190       0x10 c:/users/mg/appdata/roaming/xpacks/@xpack-dev-tools/arm-none-eabi-gcc/11.2.1-1.2.2/.content/bin/../lib/gcc/arm-none-eabi/11.2.1/../../../../arm-none-eabi/lib/thumb/v7e-m+fp/softfp\libg_nano.a(lib_a-malloc.o)
                0x0000000008005190                malloc
 .text          0x00000000080051a0       0xa0 c:/users/mg/appdata/roaming/xpacks/@xpack-dev-tools/arm-none-eabi-gcc/11.2.1-1.2.2/.content/bin/../lib/gcc/arm-none-eabi/11.2.1/../../../../arm-none-eabi/lib/thumb/v7e-m+fp/softfp\libg_nano.a(lib_a-memchr.o)
                0x00000000080051a0                memchr
 .text.memmove  0x0000000008005240       0x34 c:/users/mg/appdata/roaming/xpacks/@xpack-dev-tools/arm-none-eabi-gcc/11.2.1-1.2.2/.content/bin/../lib/gcc/arm-none-eabi/11.2.1/../../../../arm-none-eabi/lib/thumb/v7e-m+fp/softfp\libg_nano.a(lib_a-memmove.o)
                0x0000000008005240                memmove
 .text.__malloc_lock
                0x0000000008005274        0x2 c:/users/mg/appdata/roaming/xpacks/@xpack-dev-tools/arm-none-eabi-gcc/11.2.1-1.2.2/.content/bin/../lib/gcc/arm-none-eabi/11.2.1/../../../../arm-none-eabi/lib/thumb/v7e-m+fp/softfp\libg_nano.a(lib_a-mlock.o)
                0x0000000008005274                __malloc_lock
 .text.__malloc_unlock
                0x0000000008005276        0x2 c:/users/mg/appdata/roaming/xpacks/@xpack-dev-tools/arm-none-eabi-gcc/11.2.1-1.2.2/.content/bin/../lib/gcc/arm-none-eabi/11.2.1/../../../../arm-none-eabi/lib/thumb/v7e-m+fp/softfp\libg_nano.a(lib_a-mlock.o)
                0x0000000008005276                __malloc_unlock
 .text._realloc_r
                0x0000000008005278       0x5e c:/users/mg/appdata/roaming/xpacks/@xpack-dev-tools/arm-none-eabi-gcc/11.2.1-1.2.2/.content/bin/../lib/gcc/arm-none-eabi/11.2.1/../../../../arm-none-eabi/lib/thumb/v7e-m+fp/softfp\libg_nano.a(lib_a-nano-reallocr.o)
                0x0000000008005278                _realloc_r
 .text.__ssputs_r
                0x00000000080052d6       0xb4 c:/users/mg/appdata/roaming/xpacks/@xpack-dev-tools/arm-none-eabi-gcc/11.2.1-1.2.2/.content/bin/../lib/gcc/arm-none-eabi/11.2.1/../../../../arm-none-eabi/lib/thumb/v7e-m+fp/softfp\libg_nano.a(lib_a-nano-svfprintf.o)
                0x00000000080052d6                __ssputs_r
 *fill*         0x000000000800538a        0x2 
 .text._svfprintf_r
                0x000000000800538c      0x1fc c:/users/mg/appdata/roaming/xpacks/@xpack-dev-tools/arm-none-eabi-gcc/11.2.1-1.2.2/.content/bin/../lib/gcc/arm-none-eabi/11.2.1/../../../../arm-none-eabi/lib/thumb/v7e-m+fp/softfp\libg_nano.a(lib_a-nano-svfprintf.o)
                0x000000000800538c                _svfiprintf_r
                0x000000000800538c                _svfprintf_r
 .text._printf_common
                0x0000000008005588       0xda c:/users/mg/appdata/roaming/xpacks/@xpack-dev-tools/arm-none-eabi-gcc/11.2.1-1.2.2/.content/bin/../lib/gcc/arm-none-eabi/11.2.1/../../../../arm-none-eabi/lib/thumb/v7e-m+fp/softfp\libg_nano.a(lib_a-nano-vfprintf_i.o)
                0x0000000008005588                _printf_common
 *fill*         0x0000000008005662        0x2 
 .text._printf_i
                0x0000000008005664      0x244 c:/users/mg/appdata/roaming/xpacks/@xpack-dev-tools/arm-none-eabi-gcc/11.2.1-1.2.2/.content/bin/../lib/gcc/arm-none-eabi/11.2.1/../../../../arm-none-eabi/lib/thumb/v7e-m+fp/softfp\libg_nano.a(lib_a-nano-vfprintf_i.o)
                0x0000000008005664                _printf_i
 .text._read_r  0x00000000080058a8       0x24 c:/users/mg/appdata/roaming/xpacks/@xpack-dev-tools/arm-none-eabi-gcc/11.2.1-1.2.2/.content/bin/../lib/gcc/arm-none-eabi/11.2.1/../../../../arm-none-eabi/lib/thumb/v7e-m+fp/softfp\libg_nano.a(lib_a-readr.o)
                0x00000000080058a8                _read_r
 .text._malloc_usable_size_r
                0x00000000080058cc       0x10 c:/users/mg/appdata/roaming/xpacks/@xpack-dev-tools/arm-none-eabi-gcc/11.2.1-1.2.2/.content/bin/../lib/gcc/arm-none-eabi/11.2.1/../../../../arm-none-eabi/lib/thumb/v7e-m+fp/softfp\libg_nano.a(lib_a-nano-msizer.o)
                0x00000000080058cc                _malloc_usable_size_r
 *(.rodata .rodata.* .constdata .constdata.*)
 .rodata.HAL_NVIC_SetPriorityGrouping.str1.4
                0x00000000080058dc       0x31 ./system/src/stm32f4-hal/stm32f4xx_hal_cortex.o
 *fill*         0x000000000800590d        0x3 
 .rodata.HAL_RCC_OscConfig.str1.4
                0x0000000008005910       0x2e ./system/src/stm32f4-hal/stm32f4xx_hal_rcc.o
 *fill*         0x000000000800593e        0x2 
 .rodata.__assert_func.str1.4
                0x0000000008005940       0x3f ./system/src/newlib/assert.o
                                         0x43 (size before relaxing)
 *fill*         0x000000000800597f        0x1 
 .rodata.abort.str1.4
                0x0000000008005980       0x14 ./system/src/newlib/exit.o
 .rodata.initialise_monitor_handles.str1.4
                0x0000000008005994        0x4 ./system/src/newlib/syscalls.o
 .rodata.trace_puts.str1.4
                0x0000000008005998        0x4 ./system/src/diag/trace.o
                                          0x2 (size before relaxing)
 .rodata.dumpExceptionStack.str1.4
                0x0000000008005998      0x11a ./system/src/cortexm/exception-handlers.o
 .rodata.isSemihosting.str1.4
                0x0000000008005ab2        0x4 ./system/src/cortexm/exception-handlers.o
 *fill*         0x0000000008005ab2        0x2 
 .rodata.str1.4
                0x0000000008005ab4       0x2a ./system/src/cortexm/exception-handlers.o
 *fill*         0x0000000008005ade        0x2 
 .rodata.AHBPrescTable
                0x0000000008005ae0       0x10 ./system/src/cmsis/system_stm32f4xx.o
                0x0000000008005ae0                AHBPrescTable
 .rodata.assert_failed.str1.4
                0x0000000008005af0       0x2d ./src/initialize-hardware.o
 *fill*         0x0000000008005b1d        0x3 
 .rodata.CallBack_Timer1.str1.4
                0x0000000008005b20       0x1f ./src/main.o
 *fill*         0x0000000008005b3f        0x1 
 .rodata.Reset_Function.str1.4
                0x0000000008005b40       0xd2 ./src/main.o
                                         0xe5 (size before relaxing)
 *fill*         0x0000000008005c12        0x2 
 .rodata.main.str1.4
                0x0000000008005c14       0xcc ./src/main.o
 .rodata        0x0000000008005ce0       0x1e ./src/main.o
 *fill*         0x0000000008005cfe        0x2 
 .rodata.Lower_bound_array
                0x0000000008005d00       0x18 ./src/main.o
                0x0000000008005d00                Lower_bound_array
 .rodata.Upper_bound_array
                0x0000000008005d18       0x18 ./src/main.o
                0x0000000008005d18                Upper_bound_array
 .rodata.vTaskStartScheduler.str1.4
                0x0000000008005d30        0x5 ./FreeRTOS Source/tasks.o
 *fill*         0x0000000008005d35        0x3 
 .rodata.prvCheckForValidListAndQueue.str1.4
                0x0000000008005d38        0x5 ./FreeRTOS Source/timers.o
 *fill*         0x0000000008005d3d        0x3 
 .rodata.xTimerCreateTimerTask.str1.4
                0x0000000008005d40        0x8 ./FreeRTOS Source/timers.o
 .rodata._ctype_
                0x0000000008005d48      0x101 c:/users/mg/appdata/roaming/xpacks/@xpack-dev-tools/arm-none-eabi-gcc/11.2.1-1.2.2/.content/bin/../lib/gcc/arm-none-eabi/11.2.1/../../../../arm-none-eabi/lib/thumb/v7e-m+fp/softfp\libg_nano.a(lib_a-ctype_.o)
                0x0000000008005d48                _ctype_
 *fill*         0x0000000008005e49        0x3 
 .rodata.__sf_fake_stderr
                0x0000000008005e4c       0x20 c:/users/mg/appdata/roaming/xpacks/@xpack-dev-tools/arm-none-eabi-gcc/11.2.1-1.2.2/.content/bin/../lib/gcc/arm-none-eabi/11.2.1/../../../../arm-none-eabi/lib/thumb/v7e-m+fp/softfp\libg_nano.a(lib_a-findfp.o)
                0x0000000008005e4c                __sf_fake_stderr
 .rodata.__sf_fake_stdin
                0x0000000008005e6c       0x20 c:/users/mg/appdata/roaming/xpacks/@xpack-dev-tools/arm-none-eabi-gcc/11.2.1-1.2.2/.content/bin/../lib/gcc/arm-none-eabi/11.2.1/../../../../arm-none-eabi/lib/thumb/v7e-m+fp/softfp\libg_nano.a(lib_a-findfp.o)
                0x0000000008005e6c                __sf_fake_stdin
 .rodata.__sf_fake_stdout
                0x0000000008005e8c       0x20 c:/users/mg/appdata/roaming/xpacks/@xpack-dev-tools/arm-none-eabi-gcc/11.2.1-1.2.2/.content/bin/../lib/gcc/arm-none-eabi/11.2.1/../../../../arm-none-eabi/lib/thumb/v7e-m+fp/softfp\libg_nano.a(lib_a-findfp.o)
                0x0000000008005e8c                __sf_fake_stdout
 .rodata._global_impure_ptr
                0x0000000008005eac        0x4 c:/users/mg/appdata/roaming/xpacks/@xpack-dev-tools/arm-none-eabi-gcc/11.2.1-1.2.2/.content/bin/../lib/gcc/arm-none-eabi/11.2.1/../../../../arm-none-eabi/lib/thumb/v7e-m+fp/softfp\libg_nano.a(lib_a-impure.o)
                0x0000000008005eac                _global_impure_ptr
 .rodata._vfprintf_r.str1.1
                0x0000000008005eb0       0x11 c:/users/mg/appdata/roaming/xpacks/@xpack-dev-tools/arm-none-eabi-gcc/11.2.1-1.2.2/.content/bin/../lib/gcc/arm-none-eabi/11.2.1/../../../../arm-none-eabi/lib/thumb/v7e-m+fp/softfp\libg_nano.a(lib_a-nano-vfprintf.o)
 .rodata.srand.str1.1
                0x0000000008005ec1       0x82 c:/users/mg/appdata/roaming/xpacks/@xpack-dev-tools/arm-none-eabi-gcc/11.2.1-1.2.2/.content/bin/../lib/gcc/arm-none-eabi/11.2.1/../../../../arm-none-eabi/lib/thumb/v7e-m+fp/softfp\libg_nano.a(lib_a-rand.o)
 .rodata._svfprintf_r.str1.1
                0x0000000008005f43       0x11 c:/users/mg/appdata/roaming/xpacks/@xpack-dev-tools/arm-none-eabi-gcc/11.2.1-1.2.2/.content/bin/../lib/gcc/arm-none-eabi/11.2.1/../../../../arm-none-eabi/lib/thumb/v7e-m+fp/softfp\libg_nano.a(lib_a-nano-svfprintf.o)
 .rodata._printf_i.str1.1
                0x0000000008005f43       0x22 c:/users/mg/appdata/roaming/xpacks/@xpack-dev-tools/arm-none-eabi-gcc/11.2.1-1.2.2/.content/bin/../lib/gcc/arm-none-eabi/11.2.1/../../../../arm-none-eabi/lib/thumb/v7e-m+fp/softfp\libg_nano.a(lib_a-nano-vfprintf_i.o)
 *(vtable)
 *(.eh_frame*)
 *(.glue_7)
 .glue_7        0x0000000008005f65        0x0 linker stubs
 *(.glue_7t)
 .glue_7t       0x0000000008005f65        0x0 linker stubs

.vfp11_veneer   0x0000000008005f68        0x0
 .vfp11_veneer  0x0000000008005f68        0x0 linker stubs

.v4_bx          0x0000000008005f68        0x0
 .v4_bx         0x0000000008005f68        0x0 linker stubs

.iplt           0x0000000008005f68        0x0
 .iplt          0x0000000008005f68        0x0 ./system/src/stm32f4-hal/stm32f4xx_hal.o

.ARM.extab
 *(.ARM.extab* .gnu.linkonce.armextab.*)
                0x0000000008005f68                . = ALIGN (0x4)
                0x0000000008005f68                __exidx_start = .

.ARM.exidx      0x0000000008005f68        0x8
 *(.ARM.exidx* .gnu.linkonce.armexidx.*)
 .ARM.exidx.text.__udivmoddi4
                0x0000000008005f68        0x8 c:/users/mg/appdata/roaming/xpacks/@xpack-dev-tools/arm-none-eabi-gcc/11.2.1-1.2.2/.content/bin/../lib/gcc/arm-none-eabi/11.2.1/thumb/v7e-m+fp/softfp\libgcc.a(_udivmoddi4.o)
                0x0000000008005f70                __exidx_end = .

.rel.dyn        0x0000000008005f70        0x0
 .rel.iplt      0x0000000008005f70        0x0 ./system/src/stm32f4-hal/stm32f4xx_hal.o
                0x0000000008005f70                . = ALIGN (0x4)
                0x0000000008005f70                _etext = .
                0x0000000008005f70                __etext = .

.data_CCMRAM    0x0000000010000000        0x0 load address 0x0000000008005f70
 FILL mask 0xff
 *(.data.CCMRAM .data.CCMRAM.*)
                0x0000000010000000                . = ALIGN (0x4)
                0x0000000008005f70                _sidata = LOADADDR (.data)

.data           0x0000000020000000       0x8c load address 0x0000000008005f70
 FILL mask 0xff
                0x0000000020000000                _sdata = .
                0x0000000020000000                __data_start__ = .
 *(.data_begin .data_begin.*)
 .data_begin    0x0000000020000000        0x4 ./system/src/newlib/startup.o
 *(.data .data.*)
 .data.uwTickFreq
                0x0000000020000004        0x1 ./system/src/stm32f4-hal/stm32f4xx_hal.o
                0x0000000020000004                uwTickFreq
 *fill*         0x0000000020000005        0x3 ff
 .data.uwTickPrio
                0x0000000020000008        0x4 ./system/src/stm32f4-hal/stm32f4xx_hal.o
                0x0000000020000008                uwTickPrio
 .data.SystemCoreClock
                0x000000002000000c        0x4 ./system/src/cmsis/system_stm32f4xx.o
                0x000000002000000c                SystemCoreClock
 .data.Lower_bound
                0x0000000020000010        0x4 ./src/main.o
                0x0000000020000010                Lower_bound
 .data.Random_period_sender1
                0x0000000020000014        0x4 ./src/main.o
                0x0000000020000014                Random_period_sender1
 .data.Random_period_sender2
                0x0000000020000018        0x4 ./src/main.o
                0x0000000020000018                Random_period_sender2
 .data.Upper_bound
                0x000000002000001c        0x4 ./src/main.o
                0x000000002000001c                Upper_bound
 .data.uxCriticalNesting
                0x0000000020000020        0x4 ./FreeRTOS Source/portable/GCC/ARM_CM4F/port.o
 .data._impure_ptr
                0x0000000020000024        0x4 c:/users/mg/appdata/roaming/xpacks/@xpack-dev-tools/arm-none-eabi-gcc/11.2.1-1.2.2/.content/bin/../lib/gcc/arm-none-eabi/11.2.1/../../../../arm-none-eabi/lib/thumb/v7e-m+fp/softfp\libg_nano.a(lib_a-impure.o)
                0x0000000020000024                _impure_ptr
 .data.impure_data
                0x0000000020000028       0x60 c:/users/mg/appdata/roaming/xpacks/@xpack-dev-tools/arm-none-eabi-gcc/11.2.1-1.2.2/.content/bin/../lib/gcc/arm-none-eabi/11.2.1/../../../../arm-none-eabi/lib/thumb/v7e-m+fp/softfp\libg_nano.a(lib_a-impure.o)
 *(.data_end .data_end.*)
 .data_end      0x0000000020000088        0x4 ./system/src/newlib/startup.o
                0x000000002000008c                . = ALIGN (0x4)
                0x000000002000008c                _edata = .
                0x000000002000008c                __data_end__ = .

.igot.plt       0x000000002000008c        0x0 load address 0x0000000008005ffc
 .igot.plt      0x000000002000008c        0x0 ./system/src/stm32f4-hal/stm32f4xx_hal.o

.bss_CCMRAM     0x0000000010000000        0x0
 *(.bss.CCMRAM .bss.CCMRAM.*)

.bss            0x000000002000008c    0x12fc4
                0x000000002000008c                __bss_start__ = .
                0x000000002000008c                _sbss = .
 *(.bss_begin .bss_begin.*)
 .bss_begin     0x000000002000008c        0x4 ./system/src/newlib/startup.o
 *(.bss .bss.*)
 .bss.uwTick    0x0000000020000090        0x4 ./system/src/stm32f4-hal/stm32f4xx_hal.o
                0x0000000020000090                uwTick
 .bss.current_heap_end.0
                0x0000000020000094        0x4 ./system/src/newlib/sbrk.o
 .bss.args_buf.1
                0x0000000020000098       0x50 ./system/src/newlib/syscalls.o
 .bss.argv_buf.0
                0x00000000200000e8       0x28 ./system/src/newlib/syscalls.o
 .bss.errno     0x0000000020000110        0x4 ./system/src/newlib/syscalls.o
                0x0000000020000110                errno
 .bss.monitor_stderr
                0x0000000020000114        0x4 ./system/src/newlib/syscalls.o
 .bss.monitor_stdin
                0x0000000020000118        0x4 ./system/src/newlib/syscalls.o
 .bss.monitor_stdout
                0x000000002000011c        0x4 ./system/src/newlib/syscalls.o
 .bss.openfiles
                0x0000000020000120       0xa0 ./system/src/newlib/syscalls.o
 .bss.buf.0     0x00000000200001c0       0x80 ./system/src/diag/trace.o
 .bss.HandleReceiver
                0x0000000020000240        0x4 ./src/main.o
                0x0000000020000240                HandleReceiver
 .bss.HandleSender1
                0x0000000020000244        0x4 ./src/main.o
                0x0000000020000244                HandleSender1
 .bss.HandleSender2
                0x0000000020000248        0x4 ./src/main.o
                0x0000000020000248                HandleSender2
 .bss.MyQueue   0x000000002000024c        0x4 ./src/main.o
                0x000000002000024c                MyQueue
 .bss.MySemapore_Reciever
                0x0000000020000250        0x4 ./src/main.o
                0x0000000020000250                MySemapore_Reciever
 .bss.MySemapore_Sender
                0x0000000020000254        0x4 ./src/main.o
                0x0000000020000254                MySemapore_Sender
 .bss.control.0
                0x0000000020000258        0x1 ./src/main.o
 .bss.control.1
                0x0000000020000259        0x1 ./src/main.o
 .bss.control.2
                0x000000002000025a        0x1 ./src/main.o
 *fill*         0x000000002000025b        0x1 
 .bss.index.3   0x000000002000025c        0x4 ./src/main.o
 .bss.msg_Send  0x0000000020000260       0x1e ./src/main.o
                0x0000000020000260                msg_Send
 *fill*         0x000000002000027e        0x2 
 .bss.no_blocked_messages
                0x0000000020000280        0x4 ./src/main.o
                0x0000000020000280                no_blocked_messages
 .bss.no_received_messages
                0x0000000020000284        0x4 ./src/main.o
                0x0000000020000284                no_received_messages
 .bss.no_transmitted_messages
                0x0000000020000288        0x4 ./src/main.o
                0x0000000020000288                no_transmitted_messages
 .bss.xTimer1   0x000000002000028c        0x4 ./src/main.o
 .bss.xTimer1Started
                0x0000000020000290        0x4 ./src/main.o
                0x0000000020000290                xTimer1Started
 .bss.xTimer2   0x0000000020000294        0x4 ./src/main.o
 .bss.xTimer2Started
                0x0000000020000298        0x4 ./src/main.o
                0x0000000020000298                xTimer2Started
 .bss.xTimer3   0x000000002000029c        0x4 ./src/main.o
 .bss.xTimer3Started
                0x00000000200002a0        0x4 ./src/main.o
                0x00000000200002a0                xTimer3Started
 .bss.pxEnd     0x00000000200002a4        0x4 ./FreeRTOS Source/portable/MemMang/heap_4.o
 .bss.ucHeap    0x00000000200002a8    0x12c00 ./FreeRTOS Source/portable/MemMang/heap_4.o
 .bss.xBlockAllocatedBit
                0x0000000020012ea8        0x4 ./FreeRTOS Source/portable/MemMang/heap_4.o
 .bss.xFreeBytesRemaining
                0x0000000020012eac        0x4 ./FreeRTOS Source/portable/MemMang/heap_4.o
 .bss.xMinimumEverFreeBytesRemaining
                0x0000000020012eb0        0x4 ./FreeRTOS Source/portable/MemMang/heap_4.o
 .bss.xStart    0x0000000020012eb4        0x8 ./FreeRTOS Source/portable/MemMang/heap_4.o
 .bss.ucMaxSysCallPriority
                0x0000000020012ebc        0x1 ./FreeRTOS Source/portable/GCC/ARM_CM4F/port.o
 *fill*         0x0000000020012ebd        0x3 
 .bss.ulMaxPRIGROUPValue
                0x0000000020012ec0        0x4 ./FreeRTOS Source/portable/GCC/ARM_CM4F/port.o
 .bss.xQueueRegistry
                0x0000000020012ec4       0x40 ./FreeRTOS Source/queue.o
                0x0000000020012ec4                xQueueRegistry
 .bss.pxCurrentTCB
                0x0000000020012f04        0x4 ./FreeRTOS Source/tasks.o
                0x0000000020012f04                pxCurrentTCB
 .bss.pxDelayedTaskList
                0x0000000020012f08        0x4 ./FreeRTOS Source/tasks.o
 .bss.pxOverflowDelayedTaskList
                0x0000000020012f0c        0x4 ./FreeRTOS Source/tasks.o
 .bss.pxReadyTasksLists
                0x0000000020012f10       0x64 ./FreeRTOS Source/tasks.o
 .bss.uxCurrentNumberOfTasks
                0x0000000020012f74        0x4 ./FreeRTOS Source/tasks.o
 .bss.uxDeletedTasksWaitingCleanUp
                0x0000000020012f78        0x4 ./FreeRTOS Source/tasks.o
 .bss.uxPendedTicks
                0x0000000020012f7c        0x4 ./FreeRTOS Source/tasks.o
 .bss.uxSchedulerSuspended
                0x0000000020012f80        0x4 ./FreeRTOS Source/tasks.o
 .bss.uxTaskNumber
                0x0000000020012f84        0x4 ./FreeRTOS Source/tasks.o
 .bss.uxTopReadyPriority
                0x0000000020012f88        0x4 ./FreeRTOS Source/tasks.o
 .bss.xDelayedTaskList1
                0x0000000020012f8c       0x14 ./FreeRTOS Source/tasks.o
 .bss.xDelayedTaskList2
                0x0000000020012fa0       0x14 ./FreeRTOS Source/tasks.o
 .bss.xIdleTaskHandle
                0x0000000020012fb4        0x4 ./FreeRTOS Source/tasks.o
 .bss.xNextTaskUnblockTime
                0x0000000020012fb8        0x4 ./FreeRTOS Source/tasks.o
 .bss.xNumOfOverflows
                0x0000000020012fbc        0x4 ./FreeRTOS Source/tasks.o
 .bss.xPendingReadyList
                0x0000000020012fc0       0x14 ./FreeRTOS Source/tasks.o
 .bss.xSchedulerRunning
                0x0000000020012fd4        0x4 ./FreeRTOS Source/tasks.o
 .bss.xSuspendedTaskList
                0x0000000020012fd8       0x14 ./FreeRTOS Source/tasks.o
 .bss.xTasksWaitingTermination
                0x0000000020012fec       0x14 ./FreeRTOS Source/tasks.o
 .bss.xTickCount
                0x0000000020013000        0x4 ./FreeRTOS Source/tasks.o
 .bss.xYieldPending
                0x0000000020013004        0x4 ./FreeRTOS Source/tasks.o
 .bss.pxCurrentTimerList
                0x0000000020013008        0x4 ./FreeRTOS Source/timers.o
 .bss.pxOverflowTimerList
                0x000000002001300c        0x4 ./FreeRTOS Source/timers.o
 .bss.xActiveTimerList1
                0x0000000020013010       0x14 ./FreeRTOS Source/timers.o
 .bss.xActiveTimerList2
                0x0000000020013024       0x14 ./FreeRTOS Source/timers.o
 .bss.xLastTime.0
                0x0000000020013038        0x4 ./FreeRTOS Source/timers.o
 .bss.xTimerQueue
                0x000000002001303c        0x4 ./FreeRTOS Source/timers.o
 .bss.xTimerTaskHandle
                0x0000000020013040        0x4 ./FreeRTOS Source/timers.o
 .bss.__malloc_free_list
                0x0000000020013044        0x4 c:/users/mg/appdata/roaming/xpacks/@xpack-dev-tools/arm-none-eabi-gcc/11.2.1-1.2.2/.content/bin/../lib/gcc/arm-none-eabi/11.2.1/../../../../arm-none-eabi/lib/thumb/v7e-m+fp/softfp\libg_nano.a(lib_a-nano-mallocr.o)
                0x0000000020013044                __malloc_free_list
 .bss.__malloc_sbrk_start
                0x0000000020013048        0x4 c:/users/mg/appdata/roaming/xpacks/@xpack-dev-tools/arm-none-eabi-gcc/11.2.1-1.2.2/.content/bin/../lib/gcc/arm-none-eabi/11.2.1/../../../../arm-none-eabi/lib/thumb/v7e-m+fp/softfp\libg_nano.a(lib_a-nano-mallocr.o)
                0x0000000020013048                __malloc_sbrk_start
 *(COMMON)
 *(.bss_end .bss_end.*)
 .bss_end       0x000000002001304c        0x4 ./system/src/newlib/startup.o
                0x0000000020013050                . = ALIGN (0x4)
                0x0000000020013050                __bss_end__ = .
                0x0000000020013050                _ebss = .

.noinit_CCMRAM
 *(.noinit.CCMRAM .noinit.CCMRAM.*)

.noinit         0x0000000020013050        0x0
                0x0000000020013050                _noinit = .
 *(.noinit .noinit.*)
                0x0000000020013050                . = ALIGN (0x4)
                0x0000000020013050                _end_noinit = .
                [!provide]                        PROVIDE (end = _end_noinit)
                [!provide]                        PROVIDE (_end = _end_noinit)
                [!provide]                        PROVIDE (__end = _end_noinit)
                [!provide]                        PROVIDE (__end__ = _end_noinit)

._check_stack   0x0000000020013050      0x100
                0x0000000020013150                . = (. + _Minimum_Stack_Size)
 *fill*         0x0000000020013050      0x100 

.b1text
 *(.b1text)
 *(.b1rodata)
 *(.b1rodata.*)

.eb0text
 *(.eb0text)
 *(.eb0rodata)
 *(.eb0rodata.*)

.eb1text
 *(.eb1text)
 *(.eb1rodata)
 *(.eb1rodata.*)

.eb2text
 *(.eb2text)
 *(.eb2rodata)
 *(.eb2rodata.*)

.eb3text
 *(.eb3text)
 *(.eb3rodata)
 *(.eb3rodata.*)

.stab
 *(.stab)

.stabstr
 *(.stabstr)

.stab.excl
 *(.stab.excl)

.stab.exclstr
 *(.stab.exclstr)

.stab.index
 *(.stab.index)

.stab.indexstr
 *(.stab.indexstr)

.comment        0x0000000000000000       0x39
 *(.comment)
 .comment       0x0000000000000000       0x39 ./system/src/stm32f4-hal/stm32f4xx_hal.o
                                         0x3a (size before relaxing)
 .comment       0x0000000000000039       0x3a ./system/src/stm32f4-hal/stm32f4xx_hal_cortex.o
 .comment       0x0000000000000039       0x3a ./system/src/stm32f4-hal/stm32f4xx_hal_rcc.o
 .comment       0x0000000000000039       0x3a ./system/src/newlib/assert.o
 .comment       0x0000000000000039       0x3a ./system/src/newlib/exit.o
 .comment       0x0000000000000039       0x3a ./system/src/newlib/sbrk.o
 .comment       0x0000000000000039       0x3a ./system/src/newlib/startup.o
 .comment       0x0000000000000039       0x3a ./system/src/newlib/syscalls.o
 .comment       0x0000000000000039       0x3a ./system/src/diag/trace-impl.o
 .comment       0x0000000000000039       0x3a ./system/src/diag/trace.o
 .comment       0x0000000000000039       0x3a ./system/src/cortexm/exception-handlers.o
 .comment       0x0000000000000039       0x3a ./system/src/cortexm/initialize-hardware.o
 .comment       0x0000000000000039       0x3a ./system/src/cmsis/system_stm32f4xx.o
 .comment       0x0000000000000039       0x3a ./system/src/cmsis/vectors_stm32f407xx.o
 .comment       0x0000000000000039       0x3a ./src/initialize-hardware.o
 .comment       0x0000000000000039       0x3a ./src/main.o
 .comment       0x0000000000000039       0x3a ./src/stm32f4xx_hal_msp.o
 .comment       0x0000000000000039       0x3a ./FreeRTOS Source/portable/MemMang/heap_4.o
 .comment       0x0000000000000039       0x3a ./FreeRTOS Source/portable/GCC/ARM_CM4F/port.o
 .comment       0x0000000000000039       0x3a ./FreeRTOS Source/list.o
 .comment       0x0000000000000039       0x3a ./FreeRTOS Source/queue.o
 .comment       0x0000000000000039       0x3a ./FreeRTOS Source/tasks.o
 .comment       0x0000000000000039       0x3a ./FreeRTOS Source/timers.o
 .comment       0x0000000000000039       0x3a c:/users/mg/appdata/roaming/xpacks/@xpack-dev-tools/arm-none-eabi-gcc/11.2.1-1.2.2/.content/bin/../lib/gcc/arm-none-eabi/11.2.1/thumb/v7e-m+fp/softfp\libgcc.a(_udivmoddi4.o)
 .comment       0x0000000000000039       0x3a c:/users/mg/appdata/roaming/xpacks/@xpack-dev-tools/arm-none-eabi-gcc/11.2.1-1.2.2/.content/bin/../lib/gcc/arm-none-eabi/11.2.1/../../../../arm-none-eabi/lib/thumb/v7e-m+fp/softfp\libg_nano.a(lib_a-ctype_.o)
 .comment       0x0000000000000039       0x3a c:/users/mg/appdata/roaming/xpacks/@xpack-dev-tools/arm-none-eabi-gcc/11.2.1-1.2.2/.content/bin/../lib/gcc/arm-none-eabi/11.2.1/../../../../arm-none-eabi/lib/thumb/v7e-m+fp/softfp\libg_nano.a(lib_a-errno.o)
 .comment       0x0000000000000039       0x3a c:/users/mg/appdata/roaming/xpacks/@xpack-dev-tools/arm-none-eabi-gcc/11.2.1-1.2.2/.content/bin/../lib/gcc/arm-none-eabi/11.2.1/../../../../arm-none-eabi/lib/thumb/v7e-m+fp/softfp\libg_nano.a(lib_a-exit.o)
 .comment       0x0000000000000039       0x3a c:/users/mg/appdata/roaming/xpacks/@xpack-dev-tools/arm-none-eabi-gcc/11.2.1-1.2.2/.content/bin/../lib/gcc/arm-none-eabi/11.2.1/../../../../arm-none-eabi/lib/thumb/v7e-m+fp/softfp\libg_nano.a(lib_a-fclose.o)
 .comment       0x0000000000000039       0x3a c:/users/mg/appdata/roaming/xpacks/@xpack-dev-tools/arm-none-eabi-gcc/11.2.1-1.2.2/.content/bin/../lib/gcc/arm-none-eabi/11.2.1/../../../../arm-none-eabi/lib/thumb/v7e-m+fp/softfp\libg_nano.a(lib_a-fflush.o)
 .comment       0x0000000000000039       0x3a c:/users/mg/appdata/roaming/xpacks/@xpack-dev-tools/arm-none-eabi-gcc/11.2.1-1.2.2/.content/bin/../lib/gcc/arm-none-eabi/11.2.1/../../../../arm-none-eabi/lib/thumb/v7e-m+fp/softfp\libg_nano.a(lib_a-findfp.o)
 .comment       0x0000000000000039       0x3a c:/users/mg/appdata/roaming/xpacks/@xpack-dev-tools/arm-none-eabi-gcc/11.2.1-1.2.2/.content/bin/../lib/gcc/arm-none-eabi/11.2.1/../../../../arm-none-eabi/lib/thumb/v7e-m+fp/softfp\libg_nano.a(lib_a-fopen.o)
 .comment       0x0000000000000039       0x3a c:/users/mg/appdata/roaming/xpacks/@xpack-dev-tools/arm-none-eabi-gcc/11.2.1-1.2.2/.content/bin/../lib/gcc/arm-none-eabi/11.2.1/../../../../arm-none-eabi/lib/thumb/v7e-m+fp/softfp\libg_nano.a(lib_a-fprintf.o)
 .comment       0x0000000000000039       0x3a c:/users/mg/appdata/roaming/xpacks/@xpack-dev-tools/arm-none-eabi-gcc/11.2.1-1.2.2/.content/bin/../lib/gcc/arm-none-eabi/11.2.1/../../../../arm-none-eabi/lib/thumb/v7e-m+fp/softfp\libg_nano.a(lib_a-fseek.o)
 .comment       0x0000000000000039       0x3a c:/users/mg/appdata/roaming/xpacks/@xpack-dev-tools/arm-none-eabi-gcc/11.2.1-1.2.2/.content/bin/../lib/gcc/arm-none-eabi/11.2.1/../../../../arm-none-eabi/lib/thumb/v7e-m+fp/softfp\libg_nano.a(lib_a-fseeko.o)
 .comment       0x0000000000000039       0x3a c:/users/mg/appdata/roaming/xpacks/@xpack-dev-tools/arm-none-eabi-gcc/11.2.1-1.2.2/.content/bin/../lib/gcc/arm-none-eabi/11.2.1/../../../../arm-none-eabi/lib/thumb/v7e-m+fp/softfp\libg_nano.a(lib_a-fwalk.o)
 .comment       0x0000000000000039       0x3a c:/users/mg/appdata/roaming/xpacks/@xpack-dev-tools/arm-none-eabi-gcc/11.2.1-1.2.2/.content/bin/../lib/gcc/arm-none-eabi/11.2.1/../../../../arm-none-eabi/lib/thumb/v7e-m+fp/softfp\libg_nano.a(lib_a-fwrite.o)
 .comment       0x0000000000000039       0x3a c:/users/mg/appdata/roaming/xpacks/@xpack-dev-tools/arm-none-eabi-gcc/11.2.1-1.2.2/.content/bin/../lib/gcc/arm-none-eabi/11.2.1/../../../../arm-none-eabi/lib/thumb/v7e-m+fp/softfp\libg_nano.a(lib_a-impure.o)
 .comment       0x0000000000000039       0x3a c:/users/mg/appdata/roaming/xpacks/@xpack-dev-tools/arm-none-eabi-gcc/11.2.1-1.2.2/.content/bin/../lib/gcc/arm-none-eabi/11.2.1/../../../../arm-none-eabi/lib/thumb/v7e-m+fp/softfp\libg_nano.a(lib_a-makebuf.o)
 .comment       0x0000000000000039       0x3a c:/users/mg/appdata/roaming/xpacks/@xpack-dev-tools/arm-none-eabi-gcc/11.2.1-1.2.2/.content/bin/../lib/gcc/arm-none-eabi/11.2.1/../../../../arm-none-eabi/lib/thumb/v7e-m+fp/softfp\libg_nano.a(lib_a-memcpy-stub.o)
 .comment       0x0000000000000039       0x3a c:/users/mg/appdata/roaming/xpacks/@xpack-dev-tools/arm-none-eabi-gcc/11.2.1-1.2.2/.content/bin/../lib/gcc/arm-none-eabi/11.2.1/../../../../arm-none-eabi/lib/thumb/v7e-m+fp/softfp\libg_nano.a(lib_a-memset.o)
 .comment       0x0000000000000039       0x3a c:/users/mg/appdata/roaming/xpacks/@xpack-dev-tools/arm-none-eabi-gcc/11.2.1-1.2.2/.content/bin/../lib/gcc/arm-none-eabi/11.2.1/../../../../arm-none-eabi/lib/thumb/v7e-m+fp/softfp\libg_nano.a(lib_a-nano-freer.o)
 .comment       0x0000000000000039       0x3a c:/users/mg/appdata/roaming/xpacks/@xpack-dev-tools/arm-none-eabi-gcc/11.2.1-1.2.2/.content/bin/../lib/gcc/arm-none-eabi/11.2.1/../../../../arm-none-eabi/lib/thumb/v7e-m+fp/softfp\libg_nano.a(lib_a-nano-mallocr.o)
 .comment       0x0000000000000039       0x3a c:/users/mg/appdata/roaming/xpacks/@xpack-dev-tools/arm-none-eabi-gcc/11.2.1-1.2.2/.content/bin/../lib/gcc/arm-none-eabi/11.2.1/../../../../arm-none-eabi/lib/thumb/v7e-m+fp/softfp\libg_nano.a(lib_a-nano-vfprintf.o)
 .comment       0x0000000000000039       0x3a c:/users/mg/appdata/roaming/xpacks/@xpack-dev-tools/arm-none-eabi-gcc/11.2.1-1.2.2/.content/bin/../lib/gcc/arm-none-eabi/11.2.1/../../../../arm-none-eabi/lib/thumb/v7e-m+fp/softfp\libg_nano.a(lib_a-openr.o)
 .comment       0x0000000000000039       0x3a c:/users/mg/appdata/roaming/xpacks/@xpack-dev-tools/arm-none-eabi-gcc/11.2.1-1.2.2/.content/bin/../lib/gcc/arm-none-eabi/11.2.1/../../../../arm-none-eabi/lib/thumb/v7e-m+fp/softfp\libg_nano.a(lib_a-printf.o)
 .comment       0x0000000000000039       0x3a c:/users/mg/appdata/roaming/xpacks/@xpack-dev-tools/arm-none-eabi-gcc/11.2.1-1.2.2/.content/bin/../lib/gcc/arm-none-eabi/11.2.1/../../../../arm-none-eabi/lib/thumb/v7e-m+fp/softfp\libg_nano.a(lib_a-puts.o)
 .comment       0x0000000000000039       0x3a c:/users/mg/appdata/roaming/xpacks/@xpack-dev-tools/arm-none-eabi-gcc/11.2.1-1.2.2/.content/bin/../lib/gcc/arm-none-eabi/11.2.1/../../../../arm-none-eabi/lib/thumb/v7e-m+fp/softfp\libg_nano.a(lib_a-rand.o)
 .comment       0x0000000000000039       0x3a c:/users/mg/appdata/roaming/xpacks/@xpack-dev-tools/arm-none-eabi-gcc/11.2.1-1.2.2/.content/bin/../lib/gcc/arm-none-eabi/11.2.1/../../../../arm-none-eabi/lib/thumb/v7e-m+fp/softfp\libg_nano.a(lib_a-sbrkr.o)
 .comment       0x0000000000000039       0x3a c:/users/mg/appdata/roaming/xpacks/@xpack-dev-tools/arm-none-eabi-gcc/11.2.1-1.2.2/.content/bin/../lib/gcc/arm-none-eabi/11.2.1/../../../../arm-none-eabi/lib/thumb/v7e-m+fp/softfp\libg_nano.a(lib_a-sprintf.o)
 .comment       0x0000000000000039       0x3a c:/users/mg/appdata/roaming/xpacks/@xpack-dev-tools/arm-none-eabi-gcc/11.2.1-1.2.2/.content/bin/../lib/gcc/arm-none-eabi/11.2.1/../../../../arm-none-eabi/lib/thumb/v7e-m+fp/softfp\libg_nano.a(lib_a-stdio.o)
 .comment       0x0000000000000039       0x3a c:/users/mg/appdata/roaming/xpacks/@xpack-dev-tools/arm-none-eabi-gcc/11.2.1-1.2.2/.content/bin/../lib/gcc/arm-none-eabi/11.2.1/../../../../arm-none-eabi/lib/thumb/v7e-m+fp/softfp\libg_nano.a(lib_a-time.o)
 .comment       0x0000000000000039       0x3a c:/users/mg/appdata/roaming/xpacks/@xpack-dev-tools/arm-none-eabi-gcc/11.2.1-1.2.2/.content/bin/../lib/gcc/arm-none-eabi/11.2.1/../../../../arm-none-eabi/lib/thumb/v7e-m+fp/softfp\libg_nano.a(lib_a-vsnprintf.o)
 .comment       0x0000000000000039       0x3a c:/users/mg/appdata/roaming/xpacks/@xpack-dev-tools/arm-none-eabi-gcc/11.2.1-1.2.2/.content/bin/../lib/gcc/arm-none-eabi/11.2.1/../../../../arm-none-eabi/lib/thumb/v7e-m+fp/softfp\libg_nano.a(lib_a-wbuf.o)
 .comment       0x0000000000000039       0x3a c:/users/mg/appdata/roaming/xpacks/@xpack-dev-tools/arm-none-eabi-gcc/11.2.1-1.2.2/.content/bin/../lib/gcc/arm-none-eabi/11.2.1/../../../../arm-none-eabi/lib/thumb/v7e-m+fp/softfp\libg_nano.a(lib_a-writer.o)
 .comment       0x0000000000000039       0x3a c:/users/mg/appdata/roaming/xpacks/@xpack-dev-tools/arm-none-eabi-gcc/11.2.1-1.2.2/.content/bin/../lib/gcc/arm-none-eabi/11.2.1/../../../../arm-none-eabi/lib/thumb/v7e-m+fp/softfp\libg_nano.a(lib_a-wsetup.o)
 .comment       0x0000000000000039       0x3a c:/users/mg/appdata/roaming/xpacks/@xpack-dev-tools/arm-none-eabi-gcc/11.2.1-1.2.2/.content/bin/../lib/gcc/arm-none-eabi/11.2.1/../../../../arm-none-eabi/lib/thumb/v7e-m+fp/softfp\libg_nano.a(lib_a-closer.o)
 .comment       0x0000000000000039       0x3a c:/users/mg/appdata/roaming/xpacks/@xpack-dev-tools/arm-none-eabi-gcc/11.2.1-1.2.2/.content/bin/../lib/gcc/arm-none-eabi/11.2.1/../../../../arm-none-eabi/lib/thumb/v7e-m+fp/softfp\libg_nano.a(lib_a-flags.o)
 .comment       0x0000000000000039       0x3a c:/users/mg/appdata/roaming/xpacks/@xpack-dev-tools/arm-none-eabi-gcc/11.2.1-1.2.2/.content/bin/../lib/gcc/arm-none-eabi/11.2.1/../../../../arm-none-eabi/lib/thumb/v7e-m+fp/softfp\libg_nano.a(lib_a-fstatr.o)
 .comment       0x0000000000000039       0x3a c:/users/mg/appdata/roaming/xpacks/@xpack-dev-tools/arm-none-eabi-gcc/11.2.1-1.2.2/.content/bin/../lib/gcc/arm-none-eabi/11.2.1/../../../../arm-none-eabi/lib/thumb/v7e-m+fp/softfp\libg_nano.a(lib_a-gettimeofdayr.o)
 .comment       0x0000000000000039       0x3a c:/users/mg/appdata/roaming/xpacks/@xpack-dev-tools/arm-none-eabi-gcc/11.2.1-1.2.2/.content/bin/../lib/gcc/arm-none-eabi/11.2.1/../../../../arm-none-eabi/lib/thumb/v7e-m+fp/softfp\libg_nano.a(lib_a-isattyr.o)
 .comment       0x0000000000000039       0x3a c:/users/mg/appdata/roaming/xpacks/@xpack-dev-tools/arm-none-eabi-gcc/11.2.1-1.2.2/.content/bin/../lib/gcc/arm-none-eabi/11.2.1/../../../../arm-none-eabi/lib/thumb/v7e-m+fp/softfp\libg_nano.a(lib_a-lseekr.o)
 .comment       0x0000000000000039       0x3a c:/users/mg/appdata/roaming/xpacks/@xpack-dev-tools/arm-none-eabi-gcc/11.2.1-1.2.2/.content/bin/../lib/gcc/arm-none-eabi/11.2.1/../../../../arm-none-eabi/lib/thumb/v7e-m+fp/softfp\libg_nano.a(lib_a-malloc.o)
 .comment       0x0000000000000039       0x3a c:/users/mg/appdata/roaming/xpacks/@xpack-dev-tools/arm-none-eabi-gcc/11.2.1-1.2.2/.content/bin/../lib/gcc/arm-none-eabi/11.2.1/../../../../arm-none-eabi/lib/thumb/v7e-m+fp/softfp\libg_nano.a(lib_a-memmove.o)
 .comment       0x0000000000000039       0x3a c:/users/mg/appdata/roaming/xpacks/@xpack-dev-tools/arm-none-eabi-gcc/11.2.1-1.2.2/.content/bin/../lib/gcc/arm-none-eabi/11.2.1/../../../../arm-none-eabi/lib/thumb/v7e-m+fp/softfp\libg_nano.a(lib_a-mlock.o)
 .comment       0x0000000000000039       0x3a c:/users/mg/appdata/roaming/xpacks/@xpack-dev-tools/arm-none-eabi-gcc/11.2.1-1.2.2/.content/bin/../lib/gcc/arm-none-eabi/11.2.1/../../../../arm-none-eabi/lib/thumb/v7e-m+fp/softfp\libg_nano.a(lib_a-nano-reallocr.o)
 .comment       0x0000000000000039       0x3a c:/users/mg/appdata/roaming/xpacks/@xpack-dev-tools/arm-none-eabi-gcc/11.2.1-1.2.2/.content/bin/../lib/gcc/arm-none-eabi/11.2.1/../../../../arm-none-eabi/lib/thumb/v7e-m+fp/softfp\libg_nano.a(lib_a-nano-svfprintf.o)
 .comment       0x0000000000000039       0x3a c:/users/mg/appdata/roaming/xpacks/@xpack-dev-tools/arm-none-eabi-gcc/11.2.1-1.2.2/.content/bin/../lib/gcc/arm-none-eabi/11.2.1/../../../../arm-none-eabi/lib/thumb/v7e-m+fp/softfp\libg_nano.a(lib_a-nano-vfprintf_i.o)
 .comment       0x0000000000000039       0x3a c:/users/mg/appdata/roaming/xpacks/@xpack-dev-tools/arm-none-eabi-gcc/11.2.1-1.2.2/.content/bin/../lib/gcc/arm-none-eabi/11.2.1/../../../../arm-none-eabi/lib/thumb/v7e-m+fp/softfp\libg_nano.a(lib_a-readr.o)
 .comment       0x0000000000000039       0x3a c:/users/mg/appdata/roaming/xpacks/@xpack-dev-tools/arm-none-eabi-gcc/11.2.1-1.2.2/.content/bin/../lib/gcc/arm-none-eabi/11.2.1/../../../../arm-none-eabi/lib/thumb/v7e-m+fp/softfp\libg_nano.a(lib_a-nano-msizer.o)

.ARM.attributes
                0x0000000000000000       0x30
 .ARM.attributes
                0x0000000000000000       0x32 ./system/src/stm32f4-hal/stm32f4xx_hal.o
 .ARM.attributes
                0x0000000000000032       0x32 ./system/src/stm32f4-hal/stm32f4xx_hal_cortex.o
 .ARM.attributes
                0x0000000000000064       0x32 ./system/src/stm32f4-hal/stm32f4xx_hal_rcc.o
 .ARM.attributes
                0x0000000000000096       0x32 ./system/src/newlib/assert.o
 .ARM.attributes
                0x00000000000000c8       0x32 ./system/src/newlib/exit.o
 .ARM.attributes
                0x00000000000000fa       0x32 ./system/src/newlib/sbrk.o
 .ARM.attributes
                0x000000000000012c       0x32 ./system/src/newlib/startup.o
 .ARM.attributes
                0x000000000000015e       0x32 ./system/src/newlib/syscalls.o
 .ARM.attributes
                0x0000000000000190       0x32 ./system/src/diag/trace-impl.o
 .ARM.attributes
                0x00000000000001c2       0x32 ./system/src/diag/trace.o
 .ARM.attributes
                0x00000000000001f4       0x32 ./system/src/cortexm/exception-handlers.o
 .ARM.attributes
                0x0000000000000226       0x32 ./system/src/cortexm/initialize-hardware.o
 .ARM.attributes
                0x0000000000000258       0x32 ./system/src/cmsis/system_stm32f4xx.o
 .ARM.attributes
                0x000000000000028a       0x32 ./system/src/cmsis/vectors_stm32f407xx.o
 .ARM.attributes
                0x00000000000002bc       0x32 ./src/initialize-hardware.o
 .ARM.attributes
                0x00000000000002ee       0x32 ./src/main.o
 .ARM.attributes
                0x0000000000000320       0x32 ./src/stm32f4xx_hal_msp.o
 .ARM.attributes
                0x0000000000000352       0x32 ./FreeRTOS Source/portable/MemMang/heap_4.o
 .ARM.attributes
                0x0000000000000384       0x32 ./FreeRTOS Source/portable/GCC/ARM_CM4F/port.o
 .ARM.attributes